Archive member included to satisfy reference by file (symbol)

C:/Users/Omen/Documents/sloeber-workspace/LoRaWAN_thermometer/Release/arduino.ar(CDC.cpp.o)
                              .\sloeber.ino.cpp.o (Serial_::begin(unsigned long))
C:/Users/Omen/Documents/sloeber-workspace/LoRaWAN_thermometer/Release/arduino.ar(PluggableUSB.cpp.o)
                              C:/Users/Omen/Documents/sloeber-workspace/LoRaWAN_thermometer/Release/arduino.ar(CDC.cpp.o) (PluggableUSB_::plug(PluggableUSBModule*))
C:/Users/Omen/Documents/sloeber-workspace/LoRaWAN_thermometer/Release/arduino.ar(USBCore.cpp.o)
                              C:/Users/Omen/Documents/sloeber-workspace/LoRaWAN_thermometer/Release/arduino.ar(CDC.cpp.o) (usbd)
C:/Users/Omen/Documents/sloeber-workspace/LoRaWAN_thermometer/Release/arduino.ar(Print.cpp.o)
                              .\sloeber.ino.cpp.o (Print::print(__FlashStringHelper const*))
C:/Users/Omen/Documents/sloeber-workspace/LoRaWAN_thermometer/Release/arduino.ar(Reset.cpp.o)
                              C:/Users/Omen/Documents/sloeber-workspace/LoRaWAN_thermometer/Release/arduino.ar(CDC.cpp.o) (initiateReset)
C:/Users/Omen/Documents/sloeber-workspace/LoRaWAN_thermometer/Release/arduino.ar(SERCOM.cpp.o)
                              .\core\variant\variant.cpp.o (SERCOM::SERCOM(Sercom*))
C:/Users/Omen/Documents/sloeber-workspace/LoRaWAN_thermometer/Release/arduino.ar(Stream.cpp.o)
                              .\sloeber.ino.cpp.o (Stream::readStringUntil(char))
C:/Users/Omen/Documents/sloeber-workspace/LoRaWAN_thermometer/Release/arduino.ar(Uart.cpp.o)
                              .\sloeber.ino.cpp.o (Uart::begin(unsigned long))
C:/Users/Omen/Documents/sloeber-workspace/LoRaWAN_thermometer/Release/arduino.ar(WInterrupts.c.o)
                              .\libraries\Arduino_Low_Power\src\samd\ArduinoLowPower.cpp.o (attachInterrupt)
C:/Users/Omen/Documents/sloeber-workspace/LoRaWAN_thermometer/Release/arduino.ar(WString.cpp.o)
                              .\sloeber.ino.cpp.o (String::~String())
C:/Users/Omen/Documents/sloeber-workspace/LoRaWAN_thermometer/Release/arduino.ar(abi.cpp.o)
                              .\libraries\BME280\src\BME280.cpp.o (__cxa_pure_virtual)
C:/Users/Omen/Documents/sloeber-workspace/LoRaWAN_thermometer/Release/arduino.ar(cortex_handlers.c.o)
                              (Reset_Handler)
C:/Users/Omen/Documents/sloeber-workspace/LoRaWAN_thermometer/Release/arduino.ar(delay.c.o)
                              .\sloeber.ino.cpp.o (millis)
C:/Users/Omen/Documents/sloeber-workspace/LoRaWAN_thermometer/Release/arduino.ar(hooks.c.o)
                              C:/Users/Omen/Documents/sloeber-workspace/LoRaWAN_thermometer/Release/arduino.ar(delay.c.o) (yield)
C:/Users/Omen/Documents/sloeber-workspace/LoRaWAN_thermometer/Release/arduino.ar(itoa.c.o)
                              C:/Users/Omen/Documents/sloeber-workspace/LoRaWAN_thermometer/Release/arduino.ar(WString.cpp.o) (ltoa)
C:/Users/Omen/Documents/sloeber-workspace/LoRaWAN_thermometer/Release/arduino.ar(main.cpp.o)
                              f:/sloeber/arduinoplugin/packages/arduino/tools/arm-none-eabi-gcc/7-2017q4/bin/../lib/gcc/arm-none-eabi/7.2.1/../../../../arm-none-eabi/lib/thumb/v6-m/crt0.o (main)
C:/Users/Omen/Documents/sloeber-workspace/LoRaWAN_thermometer/Release/arduino.ar(new.cpp.o)
                              C:/Users/Omen/Documents/sloeber-workspace/LoRaWAN_thermometer/Release/arduino.ar(USBCore.cpp.o) (operator new(unsigned int))
C:/Users/Omen/Documents/sloeber-workspace/LoRaWAN_thermometer/Release/arduino.ar(startup.c.o)
                              C:/Users/Omen/Documents/sloeber-workspace/LoRaWAN_thermometer/Release/arduino.ar(cortex_handlers.c.o) (SystemInit)
C:/Users/Omen/Documents/sloeber-workspace/LoRaWAN_thermometer/Release/arduino.ar(wiring.c.o)
                              C:/Users/Omen/Documents/sloeber-workspace/LoRaWAN_thermometer/Release/arduino.ar(main.cpp.o) (init)
C:/Users/Omen/Documents/sloeber-workspace/LoRaWAN_thermometer/Release/arduino.ar(wiring_analog.c.o)
                              C:/Users/Omen/Documents/sloeber-workspace/LoRaWAN_thermometer/Release/arduino.ar(wiring.c.o) (analogReference)
C:/Users/Omen/Documents/sloeber-workspace/LoRaWAN_thermometer/Release/arduino.ar(wiring_digital.c.o)
                              .\sloeber.ino.cpp.o (pinMode)
C:/Users/Omen/Documents/sloeber-workspace/LoRaWAN_thermometer/Release/arduino.ar(wiring_private.c.o)
                              .\libraries\Wire\Wire.cpp.o (pinPeripheral)
C:/Users/Omen/Documents/sloeber-workspace/LoRaWAN_thermometer/Release/arduino.ar(dtostrf.c.o)
                              C:/Users/Omen/Documents/sloeber-workspace/LoRaWAN_thermometer/Release/arduino.ar(WString.cpp.o) (dtostrf)
f:/sloeber/arduinoplugin/packages/arduino/tools/arm-none-eabi-gcc/7-2017q4/bin/../lib/gcc/arm-none-eabi/7.2.1/../../../../arm-none-eabi/lib/thumb/v6-m\libstdc++_nano.a(atexit_arm.o)
[...]
Memory Configuration

Name             Origin             Length             Attributes
FLASH            0x00002000         0x0003e000         xr
RAM              0x20000000         0x00008000         xrw
*default*        0x00000000         0xffffffff

Linker script and memory map

LOAD f:/sloeber/arduinoplugin/packages/arduino/tools/arm-none-eabi-gcc/7-2017q4/bin/../lib/gcc/arm-none-eabi/7.2.1/thumb/v6-m/crti.o
LOAD f:/sloeber/arduinoplugin/packages/arduino/tools/arm-none-eabi-gcc/7-2017q4/bin/../lib/gcc/arm-none-eabi/7.2.1/thumb/v6-m/crtbegin.o
LOAD f:/sloeber/arduinoplugin/packages/arduino/tools/arm-none-eabi-gcc/7-2017q4/bin/../lib/gcc/arm-none-eabi/7.2.1/../../../../arm-none-eabi/lib/thumb/v6-m/crt0.o
LOAD .\sloeber.ino.cpp.o
LOAD .\libraries\Wire\Wire.cpp.o
LOAD .\libraries\SPI\SPI.cpp.o
LOAD .\libraries\RTCZero\src\RTCZero.cpp.o
LOAD .\libraries\OneWire\OneWire.cpp.o
LOAD .\libraries\DS18B20\src\DS18B20.cpp.o
LOAD .\libraries\BME280\src\BME280.cpp.o
LOAD .\libraries\BME280\src\BME280I2C.cpp.o
LOAD .\libraries\BME280\src\BME280I2C_BRZO.cpp.o
LOAD .\libraries\BME280\src\BME280Spi.cpp.o
LOAD .\libraries\BME280\src\BME280SpiSw.cpp.o
LOAD .\libraries\BME280\src\EnvironmentCalculations.cpp.o
LOAD .\libraries\Arduino_Low_Power\src\samd\ArduinoLowPower.cpp.o
LOAD .\libraries\Arduino_Low_Power\src\nrf52\ArduinoLowPower.cpp.o
LOAD .\libraries\Adafruit_BME280_Library\src\Adafruit_BME280.cpp.o
LOAD .\core\variant\variant.cpp.o
START GROUP
LOAD F:\sloeber\arduinoPlugin\packages\arduino\tools\CMSIS\4.5.0/CMSIS/Lib/GCC/\libarm_cortexM0l_math.a
LOAD C:/Users/Omen/Documents/sloeber-workspace/LoRaWAN_thermometer/Release/arduino.ar
END GROUP
LOAD f:/sloeber/arduinoplugin/packages/arduino/tools/arm-none-eabi-gcc/7-2017q4/bin/../lib/gcc/arm-none-eabi/7.2.1/../../../../arm-none-eabi/lib/thumb/v6-m\libstdc++_nano.a
LOAD f:/sloeber/arduinoplugin/packages/arduino/tools/arm-none-eabi-gcc/7-2017q4/bin/../lib/gcc/arm-none-eabi/7.2.1/../../../../arm-none-eabi/lib/thumb/v6-m\libm.a
START GROUP
LOAD f:/sloeber/arduinoplugin/packages/arduino/tools/arm-none-eabi-gcc/7-2017q4/bin/../lib/gcc/arm-none-eabi/7.2.1/thumb/v6-m\libgcc.a
LOAD f:/sloeber/arduinoplugin/packages/arduino/tools/arm-none-eabi-gcc/7-2017q4/bin/../lib/gcc/arm-none-eabi/7.2.1/../../../../arm-none-eabi/lib/thumb/v6-m\libc_nano.a
END GROUP
START GROUP
LOAD f:/sloeber/arduinoplugin/packages/arduino/tools/arm-none-eabi-gcc/7-2017q4/bin/../lib/gcc/arm-none-eabi/7.2.1/thumb/v6-m\libgcc.a
LOAD f:/sloeber/arduinoplugin/packages/arduino/tools/arm-none-eabi-gcc/7-2017q4/bin/../lib/gcc/arm-none-eabi/7.2.1/../../../../arm-none-eabi/lib/thumb/v6-m\libc_nano.a
LOAD f:/sloeber/arduinoplugin/packages/arduino/tools/arm-none-eabi-gcc/7-2017q4/bin/../lib/gcc/arm-none-eabi/7.2.1/../../../../arm-none-eabi/lib/thumb/v6-m\libnosys.a
END GROUP
START GROUP
LOAD f:/sloeber/arduinoplugin/packages/arduino/tools/arm-none-eabi-gcc/7-2017q4/bin/../lib/gcc/arm-none-eabi/7.2.1/thumb/v6-m\libgcc.a
LOAD f:/sloeber/arduinoplugin/packages/arduino/tools/arm-none-eabi-gcc/7-2017q4/bin/../lib/gcc/arm-none-eabi/7.2.1/../../../../arm-none-eabi/lib/thumb/v6-m\libc_nano.a
LOAD f:/sloeber/arduinoplugin/packages/arduino/tools/arm-none-eabi-gcc/7-2017q4/bin/../lib/gcc/arm-none-eabi/7.2.1/../../../../arm-none-eabi/lib/thumb/v6-m\libnosys.a
END GROUP
LOAD f:/sloeber/arduinoplugin/packages/arduino/tools/arm-none-eabi-gcc/7-2017q4/bin/../lib/gcc/arm-none-eabi/7.2.1/thumb/v6-m/crtend.o
LOAD f:/sloeber/arduinoplugin/packages/arduino/tools/arm-none-eabi-gcc/7-2017q4/bin/../lib/gcc/arm-none-eabi/7.2.1/thumb/v6-m/crtn.o

.text           0x00002000     0xa8dc
                0x00002000                __text_start__ = .
 *(.sketch_boot)
                0x00002000                . = ALIGN (0x2000)
 *(.isr_vector)
 .isr_vector    0x00002000       0xb4 C:/Users/Omen/Documents/sloeber-workspace/LoRaWAN_thermometer/Release/arduino.ar(cortex_handlers.c.o)
                0x00002000                exception_table
 *(.text*)
 .text          0x000020b4       0x48 f:/sloeber/arduinoplugin/packages/arduino/tools/arm-none-eabi-gcc/7-2017q4/bin/../lib/gcc/arm-none-eabi/7.2.1/thumb/v6-m/crtbegin.o
 .text._ZN5Print17availableForWriteEv
                0x000020fc        0x4 .\sloeber.ino.cpp.o
                0x000020fc                Print::availableForWrite()
 .text._ZN9LoRaModem8joinOTAAE6StringS0_
                0x00002100       0x10 .\sloeber.ino.cpp.o
                0x00002100                LoRaModem::joinOTAA(String, String)
 .text._ZN9LoRaModem8joinOTAAE6StringS0_S0_
                0x00002110       0x10 .\sloeber.ino.cpp.o
                0x00002110                LoRaModem::joinOTAA(String, String, String)
 .text._ZN9LoRaModem7joinABPE6StringS0_S0_
                0x00002120       0x10 .\sloeber.ino.cpp.o
                0x00002120                LoRaModem::joinABP(String, String, String)
 .text._ZN9LoRaModem4readEv
                0x00002130       0x1e .\sloeber.ino.cpp.o
                0x00002130                LoRaModem::read()
 .text._ZN9LoRaModem4peekEv
                0x0000214e       0x18 .\sloeber.ino.cpp.o
                0x0000214e                LoRaModem::peek()
 .text._ZN9LoRaModem5flushEv
                0x00002166        0xc .\sloeber.ino.cpp.o
                0x00002166                LoRaModem::flush()
 .text._ZN9LoRaModem9connectedEv
                0x00002172       0x16 .\sloeber.ino.cpp.o
                0x00002172                LoRaModem::connected()
 .text._ZN9LoRaModemcvbEv
                0x00002188       0x10 .\sloeber.ino.cpp.o
                0x00002188                LoRaModem::operator bool()
 .text._ZN9LoRaModemD2Ev
                0x00002198       0x1c .\sloeber.ino.cpp.o
                0x00002198                LoRaModem::~LoRaModem()
                0x00002198                LoRaModem::~LoRaModem()
 .text._ZN9LoRaModem5writeEPKhj
                0x000021b4       0x6c .\sloeber.ino.cpp.o
                0x000021b4                LoRaModem::write(unsigned char const*, unsigned int)
 .text._ZN9LoRaModem15streamSkipUntilEc.isra.3
                0x00002220       0x22 .\sloeber.ino.cpp.o
 .text._ZN9LoRaModem15modemGetMaxSizeEv.part.7
                0x00002242       0x2a .\sloeber.ino.cpp.o
 .text._ZN9LoRaModem5writeEh
                0x0000226c       0x28 .\sloeber.ino.cpp.o
                0x0000226c                LoRaModem::write(unsigned char)
 .text._ZN9LoRaModem11isArduinoFWEv
                0x00002294       0x2c .\sloeber.ino.cpp.o
                0x00002294                LoRaModem::isArduinoFW()
 .text._ZN9LoRaModem12waitResponseEmR6StringPKcS3_S3_S3_S3_
                0x000022c0      0x1cc .\sloeber.ino.cpp.o
                0x000022c0                LoRaModem::waitResponse(unsigned long, String&, char const*, char const*, char const*, char const*, char const*)
 .text._ZN9LoRaModem12waitResponseEmPKcS1_S1_S1_S1_
                0x0000248c       0x40 .\sloeber.ino.cpp.o
                0x0000248c                LoRaModem::waitResponse(unsigned long, char const*, char const*, char const*, char const*, char const*)
 .text._ZN9LoRaModem8maintainEv
                0x000024cc       0x30 .\sloeber.ino.cpp.o
                0x000024cc                LoRaModem::maintain()
 .text._ZN9LoRaModem8dataRateEh
                0x000024fc       0x70 .\sloeber.ino.cpp.o
                0x000024fc                LoRaModem::dataRate(unsigned char)
 .text._ZN9LoRaModem10changeModeE10_lora_mode
                0x0000256c       0x70 .\sloeber.ino.cpp.o
                0x0000256c                LoRaModem::changeMode(_lora_mode)
 .text._Z15bme_read_valuesP15Bme_measurement
                0x000025dc       0x30 .\sloeber.ino.cpp.o
                0x000025dc                bme_read_values(Bme_measurement*)
 .text._Z19thermometr_ds_serchv
                0x0000260c       0xa4 .\sloeber.ino.cpp.o
                0x0000260c                thermometr_ds_serch()
 .text._Z9bme_serchv
                0x000026b0       0x74 .\sloeber.ino.cpp.o
                0x000026b0                bme_serch()
 .text._ZN10SerialFifoIhLj256EE4sizeEv
                0x00002724       0x12 .\sloeber.ino.cpp.o
                0x00002724                SerialFifo<unsigned char, 256u>::size()
 .text._ZN9LoRaModem9availableEv
                0x00002736       0x26 .\sloeber.ino.cpp.o
                0x00002736                LoRaModem::available()
 .text._ZN10SerialFifoIhLj256EE3getEPhib
                0x0000275c       0x6a .\sloeber.ino.cpp.o
                0x0000275c                SerialFifo<unsigned char, 256u>::get(unsigned char*, int, bool)
 .text._ZN9LoRaModem4readEPhj
                0x000027c6       0x5e .\sloeber.ino.cpp.o
                0x000027c6                LoRaModem::read(unsigned char*, unsigned int)
 .text._ZN9LoRaModem6sendATIJPKcbEEEvDpT_
                0x00002824       0x44 .\sloeber.ino.cpp.o
                0x00002824                void LoRaModem::sendAT<char const*, bool>(char const*, bool)
 .text._ZN9LoRaModem13configureBandE10_lora_band
                0x00002868       0xac .\sloeber.ino.cpp.o
                0x00002868                LoRaModem::configureBand(_lora_band)
 .text._ZN9LoRaModem11streamWriteIPKcJS2_S2_EEEvT_DpT0_
                0x00002914       0x20 .\sloeber.ino.cpp.o
                0x00002914                void LoRaModem::streamWrite<char const*, char const*, char const*>(char const*, char const*, char const*)
 .text._ZN9LoRaModem6sendATIJPKcEEEvDpT_
                0x00002934       0x28 .\sloeber.ino.cpp.o
                0x00002934                void LoRaModem::sendAT<char const*>(char const*)
 .text.loop     0x0000295c      0x240 .\sloeber.ino.cpp.o
                0x0000295c                loop
 .text._ZN9LoRaModem7versionEv
                0x00002b9c       0xbc .\sloeber.ino.cpp.o
                0x00002b9c                LoRaModem::version()
 .text._ZN9LoRaModem4joinEv
                0x00002c58       0x3c .\sloeber.ino.cpp.o
                0x00002c58                LoRaModem::join()
 .text._ZN9LoRaModem6sendATIJPKcS2_EEEvDpT_
                0x00002c94       0x34 .\sloeber.ino.cpp.o
                0x00002c94                void LoRaModem::sendAT<char const*, char const*>(char const*, char const*)
 .text._ZN9LoRaModem3setE14_lora_propertyPKc
                0x00002cc8       0x80 .\sloeber.ino.cpp.o
                0x00002cc8                LoRaModem::set(_lora_property, char const*)
 .text._ZN9LoRaModem7joinABPEPKcS1_S1_
                0x00002d48       0x88 .\sloeber.ino.cpp.o
                0x00002d48                LoRaModem::joinABP(char const*, char const*, char const*)
 .text._ZN9LoRaModem8joinOTAAEPKcS1_S1_
                0x00002dd0       0x58 .\sloeber.ino.cpp.o
                0x00002dd0                LoRaModem::joinOTAA(char const*, char const*, char const*)
 .text.startup._GLOBAL__sub_I_onewire
                0x00002e28       0xec .\sloeber.ino.cpp.o
 .text._ZN9LoRaModem5beginE10_lora_band
                0x00002f14       0xc0 .\sloeber.ino.cpp.o
                0x00002f14                LoRaModem::begin(_lora_band)
 .text._Z13LoRaWAN_setupv
                0x00002fd4      0x130 .\sloeber.ino.cpp.o
                0x00002fd4                LoRaWAN_setup()
 .text.setup    0x00003104       0x38 .\sloeber.ino.cpp.o
                0x00003104                setup
 .text._ZN7TwoWire5writeEPKhj
                0x0000313c       0x24 .\libraries\Wire\Wire.cpp.o
                0x0000313c                TwoWire::write(unsigned char const*, unsigned int)
 .text._ZN7TwoWire5flushEv
                0x00003160        0x2 .\libraries\Wire\Wire.cpp.o
                0x00003160                TwoWire::flush()
 .text._ZN7TwoWire4peekEv
                0x00003162       0x1a .\libraries\Wire\Wire.cpp.o
                0x00003162                TwoWire::peek()
 .text._ZN7TwoWire9availableEv
                0x0000317c       0x12 .\libraries\Wire\Wire.cpp.o
                0x0000317c                TwoWire::available()
 *fill*         0x0000318e        0x2 
 .text._ZN7TwoWireC2EP6SERCOMhh
                0x00003190       0x60 .\libraries\Wire\Wire.cpp.o
                0x00003190                TwoWire::TwoWire(SERCOM*, unsigned char, unsigned char)
                0x00003190                TwoWire::TwoWire(SERCOM*, unsigned char, unsigned char)
 .text._ZN7TwoWire5beginEv
                0x000031f0       0x40 .\libraries\Wire\Wire.cpp.o
                0x000031f0                TwoWire::begin()
 .text._ZN7TwoWire17beginTransmissionEh
                0x00003230       0x16 .\libraries\Wire\Wire.cpp.o
                0x00003230                TwoWire::beginTransmission(unsigned char)
 .text._ZN11RingBufferNILi256EE10store_charEh
                0x00003246       0x1a .\libraries\Wire\Wire.cpp.o
                0x00003246                RingBufferN<256>::store_char(unsigned char)
 .text._ZN7TwoWire11requestFromEhjb
                0x00003260       0x80 .\libraries\Wire\Wire.cpp.o
                0x00003260                TwoWire::requestFrom(unsigned char, unsigned int, bool)
 .text._ZN7TwoWire11requestFromEhj
                0x000032e0        0xa .\libraries\Wire\Wire.cpp.o
                0x000032e0                TwoWire::requestFrom(unsigned char, unsigned int)
 .text._ZN7TwoWire5writeEh
                0x000032ea       0x2a .\libraries\Wire\Wire.cpp.o
                0x000032ea                TwoWire::write(unsigned char)
 .text._ZN11RingBufferNILi256EE9read_charEv
                0x00003314       0x20 .\libraries\Wire\Wire.cpp.o
                0x00003314                RingBufferN<256>::read_char()
 .text._ZN7TwoWire15endTransmissionEb
                0x00003334       0x70 .\libraries\Wire\Wire.cpp.o
                0x00003334                TwoWire::endTransmission(bool)
 .text._ZN7TwoWire15endTransmissionEv
                0x000033a4        0xa .\libraries\Wire\Wire.cpp.o
                0x000033a4                TwoWire::endTransmission()
 .text._ZN7TwoWire4readEv
                0x000033ae        0xa .\libraries\Wire\Wire.cpp.o
                0x000033ae                TwoWire::read()
 .text._ZN7TwoWire9onServiceEv
                0x000033b8      0x11c .\libraries\Wire\Wire.cpp.o
                0x000033b8                TwoWire::onService()
 .text.SERCOM2_Handler
                0x000034d4       0x10 .\libraries\Wire\Wire.cpp.o
                0x000034d4                SERCOM2_Handler
 .text.startup._GLOBAL__sub_I__ZN7TwoWireC2EP6SERCOMhh
                0x000034e4       0x18 .\libraries\Wire\Wire.cpp.o
 .text._ZN8SPIClass4initEv
                0x000034fc       0x12 .\libraries\SPI\SPI.cpp.o
                0x000034fc                SPIClass::init()
 .text._ZN8SPIClass6configE11SPISettings
                0x0000350e       0x4e .\libraries\SPI\SPI.cpp.o
                0x0000350e                SPIClass::config(SPISettings)
 .text._ZN8SPIClass5beginEv
                0x0000355c       0x50 .\libraries\SPI\SPI.cpp.o
                0x0000355c                SPIClass::begin()
 .text._ZN8SPIClass16beginTransactionE11SPISettings
                0x000035ac       0x38 .\libraries\SPI\SPI.cpp.o
                0x000035ac                SPIClass::beginTransaction(SPISettings)
 .text._ZN8SPIClass14endTransactionEv
                0x000035e4       0x28 .\libraries\SPI\SPI.cpp.o
                0x000035e4                SPIClass::endTransaction()
 .text._ZN8SPIClass8transferEh
                0x0000360c        0xa .\libraries\SPI\SPI.cpp.o
                0x0000360c                SPIClass::transfer(unsigned char)
 *fill*         0x00003616        0x2 
 .text.startup._GLOBAL__sub_I__ZN8SPIClassC2EP6SERCOMhhh14SercomSpiTXPad11SercomRXPad
                0x00003618       0x64 .\libraries\SPI\SPI.cpp.o
 .text._ZN7RTCZeroC2Ev
                0x0000367c        0x6 .\libraries\RTCZero\src\RTCZero.cpp.o
                0x0000367c                RTCZero::RTCZero()
                0x0000367c                RTCZero::RTCZero()
 *fill*         0x00003682        0x2 
 .text.RTC_Handler
                0x00003684       0x1c .\libraries\RTCZero\src\RTCZero.cpp.o
                0x00003684                RTC_Handler
 .text._ZN7OneWire5resetEv
                0x000036a0       0x56 .\libraries\OneWire\OneWire.cpp.o
                0x000036a0                OneWire::reset()
 .text._ZN7OneWire9write_bitEh
                0x000036f6       0x36 .\libraries\OneWire\OneWire.cpp.o
                0x000036f6                OneWire::write_bit(unsigned char)
 .text._ZN7OneWire8read_bitEv
                0x0000372c       0x2e .\libraries\OneWire\OneWire.cpp.o
                0x0000372c                OneWire::read_bit()
 .text._ZN7OneWire5writeEhh
                0x0000375a       0x3c .\libraries\OneWire\OneWire.cpp.o
                0x0000375a                OneWire::write(unsigned char, unsigned char)
 .text._ZN7OneWire4readEv
                0x00003796       0x24 .\libraries\OneWire\OneWire.cpp.o
                0x00003796                OneWire::read()
 .text._ZN7OneWire6selectEPKh
                0x000037ba       0x24 .\libraries\OneWire\OneWire.cpp.o
                0x000037ba                OneWire::select(unsigned char const*)
 .text._ZN7OneWire12reset_searchEv
                0x000037de        0xc .\libraries\OneWire\OneWire.cpp.o
                0x000037de                OneWire::reset_search()
 *fill*         0x000037ea        0x2 
 .text._ZN7OneWire5beginEh
                0x000037ec       0x38 .\libraries\OneWire\OneWire.cpp.o
                0x000037ec                OneWire::begin(unsigned char)
 .text._ZN7OneWire6searchEPhb
                0x00003824       0xea .\libraries\OneWire\OneWire.cpp.o
                0x00003824                OneWire::search(unsigned char*, bool)
 *fill*         0x0000390e        0x2 
 .text._ZN7OneWire4crc8EPKhh
                0x00003910       0x2c .\libraries\OneWire\OneWire.cpp.o
                0x00003910                OneWire::crc8(unsigned char const*, unsigned char)
 .text._ZN7DS18B2013getResolutionEv
                0x0000393c       0x1a .\libraries\DS18B20\src\DS18B20.cpp.o
                0x0000393c                DS18B20::getResolution()
 .text._ZN7DS18B2011sendCommandEh
                0x00003956       0x3e .\libraries\DS18B20\src\DS18B20.cpp.o
                0x00003956                DS18B20::sendCommand(unsigned char)
 .text._ZN7DS18B2011sendCommandEhhh
                0x00003994       0x3c .\libraries\DS18B20\src\DS18B20.cpp.o
                0x00003994                DS18B20::sendCommand(unsigned char, unsigned char, unsigned char)
 .text._ZN7DS18B2014readScratchpadEv
                0x000039d0       0x3c .\libraries\DS18B20\src\DS18B20.cpp.o
                0x000039d0                DS18B20::readScratchpad()
 .text._ZN7DS18B2013oneWireSearchEh
                0x00003a0c       0xc6 .\libraries\DS18B20\src\DS18B20.cpp.o
                0x00003a0c                DS18B20::oneWireSearch(unsigned char)
 .text._ZN7DS18B2011isConnectedEPh
                0x00003ad2       0x4c .\libraries\DS18B20\src\DS18B20.cpp.o
                0x00003ad2                DS18B20::isConnected(unsigned char*)
 .text._ZN7DS18B206selectEPh
                0x00003b1e       0x4e .\libraries\DS18B20\src\DS18B20.cpp.o
                0x00003b1e                DS18B20::select(unsigned char*)
 .text._ZN7DS18B2010selectNextEv
                0x00003b6c       0x1a .\libraries\DS18B20\src\DS18B20.cpp.o
                0x00003b6c                DS18B20::selectNext()
 .text._ZN7DS18B20C2Eh
                0x00003b86       0x42 .\libraries\DS18B20\src\DS18B20.cpp.o
                0x00003b86                DS18B20::DS18B20(unsigned char)
                0x00003b86                DS18B20::DS18B20(unsigned char)
 .text._ZN7DS18B2018delayForConversionEhh
                0x00003bc8       0x40 .\libraries\DS18B20\src\DS18B20.cpp.o
                0x00003bc8                DS18B20::delayForConversion(unsigned char, unsigned char)
 .text._ZN7DS18B208getTempCEv
                0x00003c08       0x68 .\libraries\DS18B20\src\DS18B20.cpp.o
                0x00003c08                DS18B20::getTempC()
 .text.startup._GLOBAL__sub_I__ZN20ArduinoLowPowerClass4idleEv
                0x00003c70       0x10 .\libraries\Arduino_Low_Power\src\samd\ArduinoLowPower.cpp.o
 .text._ZN15Adafruit_BME280C2Ev
                0x00003c80        0x8 .\libraries\Adafruit_BME280_Library\src\Adafruit_BME280.cpp.o
                0x00003c80                Adafruit_BME280::Adafruit_BME280()
                0x00003c80                Adafruit_BME280::Adafruit_BME280()
 .text._ZN15Adafruit_BME2807spixferEh
                0x00003c88       0x5a .\libraries\Adafruit_BME280_Library\src\Adafruit_BME280.cpp.o
                0x00003c88                Adafruit_BME280::spixfer(unsigned char)
 *fill*         0x00003ce2        0x2 
 .text._ZN15Adafruit_BME2806write8Ehh
                0x00003ce4       0x88 .\libraries\Adafruit_BME280_Library\src\Adafruit_BME280.cpp.o
                0x00003ce4                Adafruit_BME280::write8(unsigned char, unsigned char)
 .text._ZN15Adafruit_BME28011setSamplingENS_11sensor_modeENS_15sensor_samplingES1_S1_NS_13sensor_filterENS_16standby_durationE
                0x00003d6c       0xaa .\libraries\Adafruit_BME280_Library\src\Adafruit_BME280.cpp.o
                0x00003d6c                Adafruit_BME280::setSampling(Adafruit_BME280::sensor_mode, Adafruit_BME280::sensor_sampling, Adafruit_BME280::sensor_sampling, Adafruit_BME280::sensor_sampling, Adafruit_BME280::sensor_filter, Adafruit_BME280::standby_duration)
 *fill*         0x00003e16        0x2 
 .text._ZN15Adafruit_BME2805read8Eh
                0x00003e18       0x94 .\libraries\Adafruit_BME280_Library\src\Adafruit_BME280.cpp.o
                0x00003e18                Adafruit_BME280::read8(unsigned char)
 .text._ZN15Adafruit_BME2806read16Eh
                0x00003eac       0xb0 .\libraries\Adafruit_BME280_Library\src\Adafruit_BME280.cpp.o
                0x00003eac                Adafruit_BME280::read16(unsigned char)
 .text._ZN15Adafruit_BME2809read16_LEEh
                0x00003f5c        0xc .\libraries\Adafruit_BME280_Library\src\Adafruit_BME280.cpp.o
                0x00003f5c                Adafruit_BME280::read16_LE(unsigned char)
 .text._ZN15Adafruit_BME2806read24Eh
                0x00003f68       0xc0 .\libraries\Adafruit_BME280_Library\src\Adafruit_BME280.cpp.o
                0x00003f68                Adafruit_BME280::read24(unsigned char)
 .text._ZN15Adafruit_BME28016readCoefficientsEv
                0x00004028       0xe4 .\libraries\Adafruit_BME280_Library\src\Adafruit_BME280.cpp.o
                0x00004028                Adafruit_BME280::readCoefficients()
 .text._ZN15Adafruit_BME28020isReadingCalibrationEv
                0x0000410c        0xe .\libraries\Adafruit_BME280_Library\src\Adafruit_BME280.cpp.o
                0x0000410c                Adafruit_BME280::isReadingCalibration()
 .text._ZN15Adafruit_BME2804initEv
                0x0000411a       0xa6 .\libraries\Adafruit_BME280_Library\src\Adafruit_BME280.cpp.o
                0x0000411a                Adafruit_BME280::init()
 .text._ZN15Adafruit_BME2805beginEv
                0x000041c0       0x24 .\libraries\Adafruit_BME280_Library\src\Adafruit_BME280.cpp.o
                0x000041c0                Adafruit_BME280::begin()
 .text._ZN15Adafruit_BME28015readTemperatureEv
                0x000041e4       0x58 .\libraries\Adafruit_BME280_Library\src\Adafruit_BME280.cpp.o
                0x000041e4                Adafruit_BME280::readTemperature()
 .text._ZN15Adafruit_BME28012readPressureEv
                0x0000423c      0x198 .\libraries\Adafruit_BME280_Library\src\Adafruit_BME280.cpp.o
                0x0000423c                Adafruit_BME280::readPressure()
 .text._ZN15Adafruit_BME28012readHumidityEv
                0x000043d4       0xac .\libraries\Adafruit_BME280_Library\src\Adafruit_BME280.cpp.o
                0x000043d4                Adafruit_BME280::readHumidity()
 .text._ZN15Adafruit_BME2808sensorIDEv
                0x00004480        0x4 .\libraries\Adafruit_BME280_Library\src\Adafruit_BME280.cpp.o
                0x00004480                Adafruit_BME280::sensorID()
 .text.SERCOM5_Handler
                0x00004484       0x10 .\core\variant\variant.cpp.o
                0x00004484                SERCOM5_Handler
 .text.SERCOM4_Handler
                0x00004494       0x10 .\core\variant\variant.cpp.o
                0x00004494                SERCOM4_Handler
 .text.startup._GLOBAL__sub_I_g_APinDescription
                0x000044a4       0x98 .\core\variant\variant.cpp.o
 .text._ZN7Serial_13getDescriptorER8USBSetup
                0x0000453c        0x4 C:/Users/Omen/Documents/sloeber-workspace/LoRaWAN_thermometer/Release/arduino.ar(CDC.cpp.o)
                0x0000453c                Serial_::getDescriptor(USBSetup&)
 .text._ZL5utox8mPc
                0x00004540       0x24 C:/Users/Omen/Documents/sloeber-workspace/LoRaWAN_thermometer/Release/arduino.ar(CDC.cpp.o)
 .text._ZN7Serial_12getShortNameEPc
                0x00004564       0x44 C:/Users/Omen/Documents/sloeber-workspace/LoRaWAN_thermometer/Release/arduino.ar(CDC.cpp.o)
                0x00004564                Serial_::getShortName(char*)
 .text._ZThn16_N7Serial_12getShortNameEPc
                0x000045a8       0x10 C:/Users/Omen/Documents/sloeber-workspace/LoRaWAN_thermometer/Release/arduino.ar(CDC.cpp.o)
                0x000045a8                non-virtual thunk to Serial_::getShortName(char*)
 .text._ZN7Serial_14handleEndpointEi
                0x000045b8        0x2 C:/Users/Omen/Documents/sloeber-workspace/LoRaWAN_thermometer/Release/arduino.ar(CDC.cpp.o)
                0x000045b8                Serial_::handleEndpoint(int)
 .text._ZN7Serial_17availableForWriteEv
                0x000045ba        0x4 C:/Users/Omen/Documents/sloeber-workspace/LoRaWAN_thermometer/Release/arduino.ar(CDC.cpp.o)
                0x000045ba                Serial_::availableForWrite()
 .text._ZN7Serial_5writeEh
                0x000045be       0x14 C:/Users/Omen/Documents/sloeber-workspace/LoRaWAN_thermometer/Release/arduino.ar(CDC.cpp.o)
                0x000045be                Serial_::write(unsigned char)
 *fill*         0x000045d2        0x2 
 .text._ZN7Serial_12getInterfaceEPh
                0x000045d4      0x11c C:/Users/Omen/Documents/sloeber-workspace/LoRaWAN_thermometer/Release/arduino.ar(CDC.cpp.o)
                0x000045d4                Serial_::getInterface(unsigned char*)
 .text._ZThn16_N7Serial_12getInterfaceEPh
                0x000046f0       0x10 C:/Users/Omen/Documents/sloeber-workspace/LoRaWAN_thermometer/Release/arduino.ar(CDC.cpp.o)
                0x000046f0                non-virtual thunk to Serial_::getInterface(unsigned char*)
 .text._ZN7Serial_5setupER8USBSetup
                0x00004700       0xa8 C:/Users/Omen/Documents/sloeber-workspace/LoRaWAN_thermometer/Release/arduino.ar(CDC.cpp.o)
                0x00004700                Serial_::setup(USBSetup&)
 .text._ZThn16_N7Serial_5setupER8USBSetup
                0x000047a8       0x10 C:/Users/Omen/Documents/sloeber-workspace/LoRaWAN_thermometer/Release/arduino.ar(CDC.cpp.o)
                0x000047a8                non-virtual thunk to Serial_::setup(USBSetup&)
 .text._ZN7Serial_9availableEv
                0x000047b8       0x20 C:/Users/Omen/Documents/sloeber-workspace/LoRaWAN_thermometer/Release/arduino.ar(CDC.cpp.o)
                0x000047b8                Serial_::available()
 .text._ZN7Serial_5flushEv
                0x000047d8        0xe C:/Users/Omen/Documents/sloeber-workspace/LoRaWAN_thermometer/Release/arduino.ar(CDC.cpp.o)
                0x000047d8                Serial_::flush()
 .text._ZN7Serial_5clearEv
                0x000047e6        0xe C:/Users/Omen/Documents/sloeber-workspace/LoRaWAN_thermometer/Release/arduino.ar(CDC.cpp.o)
                0x000047e6                Serial_::clear()
 .text._ZN7Serial_5writeEPKhj
                0x000047f4       0x1e C:/Users/Omen/Documents/sloeber-workspace/LoRaWAN_thermometer/Release/arduino.ar(CDC.cpp.o)
                0x000047f4                Serial_::write(unsigned char const*, unsigned int)
 *fill*         0x00004812        0x2 
 .text._ZN7Serial_4peekEv
                0x00004814       0x1c C:/Users/Omen/Documents/sloeber-workspace/LoRaWAN_thermometer/Release/arduino.ar(CDC.cpp.o)
                0x00004814                Serial_::peek()
 .text._ZN7Serial_4readEv
                0x00004830       0x24 C:/Users/Omen/Documents/sloeber-workspace/LoRaWAN_thermometer/Release/arduino.ar(CDC.cpp.o)
                0x00004830                Serial_::read()
 .text._ZThn16_N7Serial_14handleEndpointEi
                0x00004854        0x2 C:/Users/Omen/Documents/sloeber-workspace/LoRaWAN_thermometer/Release/arduino.ar(CDC.cpp.o)
                0x00004854                non-virtual thunk to Serial_::handleEndpoint(int)
 .text._ZThn16_N7Serial_13getDescriptorER8USBSetup
                0x00004856        0x4 C:/Users/Omen/Documents/sloeber-workspace/LoRaWAN_thermometer/Release/arduino.ar(CDC.cpp.o)
                0x00004856                non-virtual thunk to Serial_::getDescriptor(USBSetup&)
 .text.resetExternalChip
                0x0000485a        0x2 C:/Users/Omen/Documents/sloeber-workspace/LoRaWAN_thermometer/Release/arduino.ar(CDC.cpp.o)
                0x0000485a                resetExternalChip
 .text._ZN7Serial_C2ER14USBDeviceClass
                0x0000485c       0x50 C:/Users/Omen/Documents/sloeber-workspace/LoRaWAN_thermometer/Release/arduino.ar(CDC.cpp.o)
                0x0000485c                Serial_::Serial_(USBDeviceClass&)
                0x0000485c                Serial_::Serial_(USBDeviceClass&)
 .text._ZN7Serial_15enableInterruptEv
                0x000048ac       0x30 C:/Users/Omen/Documents/sloeber-workspace/LoRaWAN_thermometer/Release/arduino.ar(CDC.cpp.o)
                0x000048ac                Serial_::enableInterrupt()
 .text._ZN7Serial_5beginEm
                0x000048dc        0x2 C:/Users/Omen/Documents/sloeber-workspace/LoRaWAN_thermometer/Release/arduino.ar(CDC.cpp.o)
                0x000048dc                Serial_::begin(unsigned long)
 *fill*         0x000048de        0x2 
 .text._ZN7Serial_cvbEv
                0x000048e0       0x28 C:/Users/Omen/Documents/sloeber-workspace/LoRaWAN_thermometer/Release/arduino.ar(CDC.cpp.o)
                0x000048e0                Serial_::operator bool()
 .text.startup._GLOBAL__sub_I__ZN7Serial_12getInterfaceEPh
                0x00004908       0x14 C:/Users/Omen/Documents/sloeber-workspace/LoRaWAN_thermometer/Release/arduino.ar(CDC.cpp.o)
 .text._ZN13PluggableUSB_12getInterfaceEPh
                0x0000491c       0x28 C:/Users/Omen/Documents/sloeber-workspace/LoRaWAN_thermometer/Release/arduino.ar(PluggableUSB.cpp.o)
                0x0000491c                PluggableUSB_::getInterface(unsigned char*)
 .text._ZN13PluggableUSB_13getDescriptorER8USBSetup
                0x00004944       0x20 C:/Users/Omen/Documents/sloeber-workspace/LoRaWAN_thermometer/Release/arduino.ar(PluggableUSB.cpp.o)
                0x00004944                PluggableUSB_::getDescriptor(USBSetup&)
 .text._ZN13PluggableUSB_12getShortNameEPc
                0x00004964       0x26 C:/Users/Omen/Documents/sloeber-workspace/LoRaWAN_thermometer/Release/arduino.ar(PluggableUSB.cpp.o)
                0x00004964                PluggableUSB_::getShortName(char*)
 .text._ZN13PluggableUSB_5setupER8USBSetup
                0x0000498a       0x20 C:/Users/Omen/Documents/sloeber-workspace/LoRaWAN_thermometer/Release/arduino.ar(PluggableUSB.cpp.o)
                0x0000498a                PluggableUSB_::setup(USBSetup&)
 .text._ZN13PluggableUSB_14handleEndpointEi
                0x000049aa       0x1a C:/Users/Omen/Documents/sloeber-workspace/LoRaWAN_thermometer/Release/arduino.ar(PluggableUSB.cpp.o)
                0x000049aa                PluggableUSB_::handleEndpoint(int)
 .text._ZN13PluggableUSB_4plugEP18PluggableUSBModule
                0x000049c4       0x58 C:/Users/Omen/Documents/sloeber-workspace/LoRaWAN_thermometer/Release/arduino.ar(PluggableUSB.cpp.o)
                0x000049c4                PluggableUSB_::plug(PluggableUSBModule*)
 .text._Z12PluggableUSBv
                0x00004a1c       0x24 C:/Users/Omen/Documents/sloeber-workspace/LoRaWAN_thermometer/Release/arduino.ar(PluggableUSB.cpp.o)
                0x00004a1c                PluggableUSB()
 .text._ZN26DoubleBufferedEPOutHandlerD2Ev
                0x00004a40        0x2 C:/Users/Omen/Documents/sloeber-workspace/LoRaWAN_thermometer/Release/arduino.ar(USBCore.cpp.o)
                0x00004a40                DoubleBufferedEPOutHandler::~DoubleBufferedEPOutHandler()
                0x00004a40                DoubleBufferedEPOutHandler::~DoubleBufferedEPOutHandler()
 .text._ZN26DoubleBufferedEPOutHandlerD0Ev
                0x00004a42        0xc C:/Users/Omen/Documents/sloeber-workspace/LoRaWAN_thermometer/Release/arduino.ar(USBCore.cpp.o)
                0x00004a42                DoubleBufferedEPOutHandler::~DoubleBufferedEPOutHandler()
 *fill*         0x00004a4e        0x2 
 .text._ZN14USBDeviceClass6initEPEmm.part.7
                0x00004a50       0xc4 C:/Users/Omen/Documents/sloeber-workspace/LoRaWAN_thermometer/Release/arduino.ar(USBCore.cpp.o)
 .text._ZN7__GuardC2Ev
                0x00004b14        0xe C:/Users/Omen/Documents/sloeber-workspace/LoRaWAN_thermometer/Release/arduino.ar(USBCore.cpp.o)
                0x00004b14                __Guard::__Guard()
                0x00004b14                __Guard::__Guard()
 .text._ZN7__GuardD2Ev
                0x00004b22        0xe C:/Users/Omen/Documents/sloeber-workspace/LoRaWAN_thermometer/Release/arduino.ar(USBCore.cpp.o)
                0x00004b22                __Guard::~__Guard()
                0x00004b22                __Guard::~__Guard()
 .text._ZNK26DoubleBufferedEPOutHandler10_availableEv
                0x00004b30       0x70 C:/Users/Omen/Documents/sloeber-workspace/LoRaWAN_thermometer/Release/arduino.ar(USBCore.cpp.o)
                0x00004b30                DoubleBufferedEPOutHandler::_available() const
 .text._ZN26DoubleBufferedEPOutHandler7releaseEv
                0x00004ba0       0x3c C:/Users/Omen/Documents/sloeber-workspace/LoRaWAN_thermometer/Release/arduino.ar(USBCore.cpp.o)
                0x00004ba0                DoubleBufferedEPOutHandler::release()
 .text._ZN26DoubleBufferedEPOutHandler14handleEndpointEv
                0x00004bdc       0xea C:/Users/Omen/Documents/sloeber-workspace/LoRaWAN_thermometer/Release/arduino.ar(USBCore.cpp.o)
                0x00004bdc                DoubleBufferedEPOutHandler::handleEndpoint()
 .text._ZN26DoubleBufferedEPOutHandler5_recvEv
                0x00004cc6      0x198 C:/Users/Omen/Documents/sloeber-workspace/LoRaWAN_thermometer/Release/arduino.ar(USBCore.cpp.o)
                0x00004cc6                DoubleBufferedEPOutHandler::_recv()
 .text._ZN26DoubleBufferedEPOutHandler4peekEv
                0x00004e5e       0x22 C:/Users/Omen/Documents/sloeber-workspace/LoRaWAN_thermometer/Release/arduino.ar(USBCore.cpp.o)
                0x00004e5e                DoubleBufferedEPOutHandler::peek()
 .text._ZN26DoubleBufferedEPOutHandler9availableEv
                0x00004e80       0x18 C:/Users/Omen/Documents/sloeber-workspace/LoRaWAN_thermometer/Release/arduino.ar(USBCore.cpp.o)
                0x00004e80                DoubleBufferedEPOutHandler::available()
 .text._ZN26DoubleBufferedEPOutHandler4recvEPvm
                0x00004e98       0x72 C:/Users/Omen/Documents/sloeber-workspace/LoRaWAN_thermometer/Release/arduino.ar(USBCore.cpp.o)
                0x00004e98                DoubleBufferedEPOutHandler::recv(void*, unsigned long)
 .text._ZN14USBDeviceClass14SendInterfacesEPm
                0x00004f0a       0x20 C:/Users/Omen/Documents/sloeber-workspace/LoRaWAN_thermometer/Release/arduino.ar(USBCore.cpp.o)
                0x00004f0a                USBDeviceClass::SendInterfaces(unsigned long*)
 *fill*         0x00004f2a        0x2 
 .text._ZN14USBDeviceClass4initEv
                0x00004f2c      0x144 C:/Users/Omen/Documents/sloeber-workspace/LoRaWAN_thermometer/Release/arduino.ar(USBCore.cpp.o)
                0x00004f2c                USBDeviceClass::init()
 .text._ZN14USBDeviceClass6attachEv
                0x00005070       0x34 C:/Users/Omen/Documents/sloeber-workspace/LoRaWAN_thermometer/Release/arduino.ar(USBCore.cpp.o)
                0x00005070                USBDeviceClass::attach()
 .text._ZN14USBDeviceClass10setAddressEm
                0x000050a4       0x48 C:/Users/Omen/Documents/sloeber-workspace/LoRaWAN_thermometer/Release/arduino.ar(USBCore.cpp.o)
                0x000050a4                USBDeviceClass::setAddress(unsigned long)
 .text._ZN14USBDeviceClass25handleClassInterfaceSetupER8USBSetup
                0x000050ec       0x24 C:/Users/Omen/Documents/sloeber-workspace/LoRaWAN_thermometer/Release/arduino.ar(USBCore.cpp.o)
                0x000050ec                USBDeviceClass::handleClassInterfaceSetup(USBSetup&)
 .text._ZN14USBDeviceClass6initEPEmm
                0x00005110      0x120 C:/Users/Omen/Documents/sloeber-workspace/LoRaWAN_thermometer/Release/arduino.ar(USBCore.cpp.o)
                0x00005110                USBDeviceClass::initEP(unsigned long, unsigned long)
 .text._ZN14USBDeviceClass13initEndpointsEv
                0x00005230       0x24 C:/Users/Omen/Documents/sloeber-workspace/LoRaWAN_thermometer/Release/arduino.ar(USBCore.cpp.o)
                0x00005230                USBDeviceClass::initEndpoints()
 .text._ZN14USBDeviceClass5clearEm
                0x00005254       0x38 C:/Users/Omen/Documents/sloeber-workspace/LoRaWAN_thermometer/Release/arduino.ar(USBCore.cpp.o)
                0x00005254                USBDeviceClass::clear(unsigned long)
 .text._ZN14USBDeviceClass9availableEm
                0x0000528c       0x2c C:/Users/Omen/Documents/sloeber-workspace/LoRaWAN_thermometer/Release/arduino.ar(USBCore.cpp.o)
                0x0000528c                USBDeviceClass::available(unsigned long)
 .text._ZN14USBDeviceClass5flushEm
                0x000052b8       0x2c C:/Users/Omen/Documents/sloeber-workspace/LoRaWAN_thermometer/Release/arduino.ar(USBCore.cpp.o)
                0x000052b8                USBDeviceClass::flush(unsigned long)
 .text._ZN14USBDeviceClass4recvEmPvm
                0x000052e4       0xc0 C:/Users/Omen/Documents/sloeber-workspace/LoRaWAN_thermometer/Release/arduino.ar(USBCore.cpp.o)
                0x000052e4                USBDeviceClass::recv(unsigned long, void*, unsigned long)
 .text._ZN14USBDeviceClass4recvEm
                0x000053a4       0x1c C:/Users/Omen/Documents/sloeber-workspace/LoRaWAN_thermometer/Release/arduino.ar(USBCore.cpp.o)
                0x000053a4                USBDeviceClass::recv(unsigned long)
 .text._ZN14USBDeviceClass14armRecvCtrlOUTEm
                0x000053c0       0x5c C:/Users/Omen/Documents/sloeber-workspace/LoRaWAN_thermometer/Release/arduino.ar(USBCore.cpp.o)
                0x000053c0                USBDeviceClass::armRecvCtrlOUT(unsigned long)
 .text._ZN14USBDeviceClass11recvControlEPvm
                0x0000541c       0x28 C:/Users/Omen/Documents/sloeber-workspace/LoRaWAN_thermometer/Release/arduino.ar(USBCore.cpp.o)
                0x0000541c                USBDeviceClass::recvControl(void*, unsigned long)
 .text._ZN14USBDeviceClass4sendEmPKvm
                0x00005444      0x10c C:/Users/Omen/Documents/sloeber-workspace/LoRaWAN_thermometer/Release/arduino.ar(USBCore.cpp.o)
                0x00005444                USBDeviceClass::send(unsigned long, void const*, unsigned long)
 .text._ZN14USBDeviceClass7armSendEmPKvm
                0x00005550       0x48 C:/Users/Omen/Documents/sloeber-workspace/LoRaWAN_thermometer/Release/arduino.ar(USBCore.cpp.o)
                0x00005550                USBDeviceClass::armSend(unsigned long, void const*, unsigned long)
 .text._ZN14USBDeviceClass11sendControlEPKvm
                0x00005598       0x54 C:/Users/Omen/Documents/sloeber-workspace/LoRaWAN_thermometer/Release/arduino.ar(USBCore.cpp.o)
                0x00005598                USBDeviceClass::sendControl(void const*, unsigned long)
 .text._ZN14USBDeviceClass20sendStringDescriptorEPKhm
                0x000055ec       0x64 C:/Users/Omen/Documents/sloeber-workspace/LoRaWAN_thermometer/Release/arduino.ar(USBCore.cpp.o)
                0x000055ec                USBDeviceClass::sendStringDescriptor(unsigned char const*, unsigned long)
 .text._ZN14USBDeviceClass17sendConfigurationEm
                0x00005650       0x80 C:/Users/Omen/Documents/sloeber-workspace/LoRaWAN_thermometer/Release/arduino.ar(USBCore.cpp.o)
                0x00005650                USBDeviceClass::sendConfiguration(unsigned long)
 .text._ZN14USBDeviceClass14sendDescriptorER8USBSetup
                0x000056d0       0xe0 C:/Users/Omen/Documents/sloeber-workspace/LoRaWAN_thermometer/Release/arduino.ar(USBCore.cpp.o)
                0x000056d0                USBDeviceClass::sendDescriptor(USBSetup&)
 .text._ZN14USBDeviceClass7sendZlpEm
                0x000057b0       0x18 C:/Users/Omen/Documents/sloeber-workspace/LoRaWAN_thermometer/Release/arduino.ar(USBCore.cpp.o)
                0x000057b0                USBDeviceClass::sendZlp(unsigned long)
 .text._ZN14USBDeviceClass19handleStandardSetupER8USBSetup
                0x000057c8       0xf0 C:/Users/Omen/Documents/sloeber-workspace/LoRaWAN_thermometer/Release/arduino.ar(USBCore.cpp.o)
                0x000057c8                USBDeviceClass::handleStandardSetup(USBSetup&)
 .text._ZN14USBDeviceClass10ISRHandlerEv
                0x000058b8      0x108 C:/Users/Omen/Documents/sloeber-workspace/LoRaWAN_thermometer/Release/arduino.ar(USBCore.cpp.o)
                0x000058b8                USBDeviceClass::ISRHandler()
 .text.UDD_Handler
                0x000059c0       0x10 C:/Users/Omen/Documents/sloeber-workspace/LoRaWAN_thermometer/Release/arduino.ar(USBCore.cpp.o)
                0x000059c0                UDD_Handler
 .text.startup._GLOBAL__sub_I_usbd
                0x000059d0       0x10 C:/Users/Omen/Documents/sloeber-workspace/LoRaWAN_thermometer/Release/arduino.ar(USBCore.cpp.o)
 .text._ZN5Print5writeEPKhj
                0x000059e0       0x28 C:/Users/Omen/Documents/sloeber-workspace/LoRaWAN_thermometer/Release/arduino.ar(Print.cpp.o)
                0x000059e0                Print::write(unsigned char const*, unsigned int)
 .text._ZN5Print5writeEPKc.part.2
                0x00005a08       0x1a C:/Users/Omen/Documents/sloeber-workspace/LoRaWAN_thermometer/Release/arduino.ar(Print.cpp.o)
 .text._ZN5Print5writeEPKc
                0x00005a22       0x10 C:/Users/Omen/Documents/sloeber-workspace/LoRaWAN_thermometer/Release/arduino.ar(Print.cpp.o)
                0x00005a22                Print::write(char const*)
 .text._ZN5Print5printEPK19__FlashStringHelper
                0x00005a32        0x8 C:/Users/Omen/Documents/sloeber-workspace/LoRaWAN_thermometer/Release/arduino.ar(Print.cpp.o)
                0x00005a32                Print::print(__FlashStringHelper const*)
 .text._ZN5Print5printERK6String
                0x00005a3a        0xe C:/Users/Omen/Documents/sloeber-workspace/LoRaWAN_thermometer/Release/arduino.ar(Print.cpp.o)
                0x00005a3a                Print::print(String const&)
 .text._ZN5Print5printEPKc
                0x00005a48        0x8 C:/Users/Omen/Documents/sloeber-workspace/LoRaWAN_thermometer/Release/arduino.ar(Print.cpp.o)
                0x00005a48                Print::print(char const*)
 .text._ZN5Print5printEc
                0x00005a50        0xa C:/Users/Omen/Documents/sloeber-workspace/LoRaWAN_thermometer/Release/arduino.ar(Print.cpp.o)
                0x00005a50                Print::print(char)
 *fill*         0x00005a5a        0x2 
 .text._ZN5Print7printlnEv
                0x00005a5c       0x10 C:/Users/Omen/Documents/sloeber-workspace/LoRaWAN_thermometer/Release/arduino.ar(Print.cpp.o)
                0x00005a5c                Print::println()
 .text._ZN5Print7printlnEPK19__FlashStringHelper
                0x00005a6c       0x14 C:/Users/Omen/Documents/sloeber-workspace/LoRaWAN_thermometer/Release/arduino.ar(Print.cpp.o)
                0x00005a6c                Print::println(__FlashStringHelper const*)
 .text._ZN5Print7printlnERK6String
                0x00005a80       0x14 C:/Users/Omen/Documents/sloeber-workspace/LoRaWAN_thermometer/Release/arduino.ar(Print.cpp.o)
                0x00005a80                Print::println(String const&)
 .text._ZN5Print7printlnEPKc
                0x00005a94       0x14 C:/Users/Omen/Documents/sloeber-workspace/LoRaWAN_thermometer/Release/arduino.ar(Print.cpp.o)
                0x00005a94                Print::println(char const*)
 .text._ZN5Print11printNumberEmh
                0x00005aa8       0x48 C:/Users/Omen/Documents/sloeber-workspace/LoRaWAN_thermometer/Release/arduino.ar(Print.cpp.o)
                0x00005aa8                Print::printNumber(unsigned long, unsigned char)
 .text._ZN5Print5printEli
                0x00005af0       0x3e C:/Users/Omen/Documents/sloeber-workspace/LoRaWAN_thermometer/Release/arduino.ar(Print.cpp.o)
                0x00005af0                Print::print(long, int)
 .text._ZN5Print5printEii
                0x00005b2e        0x8 C:/Users/Omen/Documents/sloeber-workspace/LoRaWAN_thermometer/Release/arduino.ar(Print.cpp.o)
                0x00005b2e                Print::print(int, int)
 .text._ZN5Print5printEmi
                0x00005b36       0x18 C:/Users/Omen/Documents/sloeber-workspace/LoRaWAN_thermometer/Release/arduino.ar(Print.cpp.o)
                0x00005b36                Print::print(unsigned long, int)
 .text._ZN5Print5printEhi
                0x00005b4e        0x8 C:/Users/Omen/Documents/sloeber-workspace/LoRaWAN_thermometer/Release/arduino.ar(Print.cpp.o)
                0x00005b4e                Print::print(unsigned char, int)
 .text._ZN5Print5printEji
                0x00005b56        0x8 C:/Users/Omen/Documents/sloeber-workspace/LoRaWAN_thermometer/Release/arduino.ar(Print.cpp.o)
                0x00005b56                Print::print(unsigned int, int)
 .text._ZN5Print7printlnEmi
                0x00005b5e       0x14 C:/Users/Omen/Documents/sloeber-workspace/LoRaWAN_thermometer/Release/arduino.ar(Print.cpp.o)
                0x00005b5e                Print::println(unsigned long, int)
 *fill*         0x00005b72        0x2 
 .text.initiateReset
                0x00005b74       0x14 C:/Users/Omen/Documents/sloeber-workspace/LoRaWAN_thermometer/Release/arduino.ar(Reset.cpp.o)
                0x00005b74                initiateReset
 .text.cancelReset
                0x00005b88       0x10 C:/Users/Omen/Documents/sloeber-workspace/LoRaWAN_thermometer/Release/arduino.ar(Reset.cpp.o)
                0x00005b88                cancelReset
 .text.tickReset
                0x00005b98       0x78 C:/Users/Omen/Documents/sloeber-workspace/LoRaWAN_thermometer/Release/arduino.ar(Reset.cpp.o)
                0x00005b98                tickReset
 .text._ZN6SERCOMC2EP6Sercom
                0x00005c10        0x4 C:/Users/Omen/Documents/sloeber-workspace/LoRaWAN_thermometer/Release/arduino.ar(SERCOM.cpp.o)
                0x00005c10                SERCOM::SERCOM(Sercom*)
                0x00005c10                SERCOM::SERCOM(Sercom*)
 .text._ZN6SERCOM9initFrameE18SercomUartCharSize15SercomDataOrder16SercomParityMode19SercomNumberStopBit
                0x00005c14       0x3a C:/Users/Omen/Documents/sloeber-workspace/LoRaWAN_thermometer/Release/arduino.ar(SERCOM.cpp.o)
                0x00005c14                SERCOM::initFrame(SercomUartCharSize, SercomDataOrder, SercomParityMode, SercomNumberStopBit)
 .text._ZN6SERCOM8initPadsE15SercomUartTXPad11SercomRXPad
                0x00005c4e       0x26 C:/Users/Omen/Documents/sloeber-workspace/LoRaWAN_thermometer/Release/arduino.ar(SERCOM.cpp.o)
                0x00005c4e                SERCOM::initPads(SercomUartTXPad, SercomRXPad)
 .text._ZN6SERCOM9resetUARTEv
                0x00005c74       0x1a C:/Users/Omen/Documents/sloeber-workspace/LoRaWAN_thermometer/Release/arduino.ar(SERCOM.cpp.o)
                0x00005c74                SERCOM::resetUART()
 .text._ZN6SERCOM10enableUARTEv
                0x00005c8e       0x14 C:/Users/Omen/Documents/sloeber-workspace/LoRaWAN_thermometer/Release/arduino.ar(SERCOM.cpp.o)
                0x00005c8e                SERCOM::enableUART()
 .text._ZN6SERCOM9flushUARTEv
                0x00005ca2       0x10 C:/Users/Omen/Documents/sloeber-workspace/LoRaWAN_thermometer/Release/arduino.ar(SERCOM.cpp.o)
                0x00005ca2                SERCOM::flushUART()
 .text._ZN6SERCOM15clearStatusUARTEv
                0x00005cb2        0x8 C:/Users/Omen/Documents/sloeber-workspace/LoRaWAN_thermometer/Release/arduino.ar(SERCOM.cpp.o)
                0x00005cb2                SERCOM::clearStatusUART()
 .text._ZN6SERCOM17availableDataUARTEv
                0x00005cba        0xa C:/Users/Omen/Documents/sloeber-workspace/LoRaWAN_thermometer/Release/arduino.ar(SERCOM.cpp.o)
                0x00005cba                SERCOM::availableDataUART()
 .text._ZN6SERCOM11isUARTErrorEv
                0x00005cc4        0x8 C:/Users/Omen/Documents/sloeber-workspace/LoRaWAN_thermometer/Release/arduino.ar(SERCOM.cpp.o)
                0x00005cc4                SERCOM::isUARTError()
 .text._ZN6SERCOM20acknowledgeUARTErrorEv
                0x00005ccc        0xe C:/Users/Omen/Documents/sloeber-workspace/LoRaWAN_thermometer/Release/arduino.ar(SERCOM.cpp.o)
                0x00005ccc                SERCOM::acknowledgeUARTError()
 .text._ZN6SERCOM16isFrameErrorUARTEv
                0x00005cda        0xa C:/Users/Omen/Documents/sloeber-workspace/LoRaWAN_thermometer/Release/arduino.ar(SERCOM.cpp.o)
                0x00005cda                SERCOM::isFrameErrorUART()
 .text._ZN6SERCOM19clearFrameErrorUARTEv
                0x00005ce4        0xc C:/Users/Omen/Documents/sloeber-workspace/LoRaWAN_thermometer/Release/arduino.ar(SERCOM.cpp.o)
                0x00005ce4                SERCOM::clearFrameErrorUART()
 .text._ZN6SERCOM23isDataRegisterEmptyUARTEv
                0x00005cf0        0xa C:/Users/Omen/Documents/sloeber-workspace/LoRaWAN_thermometer/Release/arduino.ar(SERCOM.cpp.o)
                0x00005cf0                SERCOM::isDataRegisterEmptyUART()
 .text._ZN6SERCOM12readDataUARTEv
                0x00005cfa        0x8 C:/Users/Omen/Documents/sloeber-workspace/LoRaWAN_thermometer/Release/arduino.ar(SERCOM.cpp.o)
                0x00005cfa                SERCOM::readDataUART()
 .text._ZN6SERCOM13writeDataUARTEh
                0x00005d02       0x10 C:/Users/Omen/Documents/sloeber-workspace/LoRaWAN_thermometer/Release/arduino.ar(SERCOM.cpp.o)
                0x00005d02                SERCOM::writeDataUART(unsigned char)
 .text._ZN6SERCOM36enableDataRegisterEmptyInterruptUARTEv
                0x00005d12        0x8 C:/Users/Omen/Documents/sloeber-workspace/LoRaWAN_thermometer/Release/arduino.ar(SERCOM.cpp.o)
                0x00005d12                SERCOM::enableDataRegisterEmptyInterruptUART()
 .text._ZN6SERCOM37disableDataRegisterEmptyInterruptUARTEv
                0x00005d1a        0x8 C:/Users/Omen/Documents/sloeber-workspace/LoRaWAN_thermometer/Release/arduino.ar(SERCOM.cpp.o)
                0x00005d1a                SERCOM::disableDataRegisterEmptyInterruptUART()
 *fill*         0x00005d22        0x2 
 .text._ZN6SERCOM12initSPIClockE18SercomSpiClockModem
                0x00005d24       0x30 C:/Users/Omen/Documents/sloeber-workspace/LoRaWAN_thermometer/Release/arduino.ar(SERCOM.cpp.o)
                0x00005d24                SERCOM::initSPIClock(SercomSpiClockMode, unsigned long)
 .text._ZN6SERCOM8resetSPIEv
                0x00005d54       0x1a C:/Users/Omen/Documents/sloeber-workspace/LoRaWAN_thermometer/Release/arduino.ar(SERCOM.cpp.o)
                0x00005d54                SERCOM::resetSPI()
 .text._ZN6SERCOM9enableSPIEv
                0x00005d6e       0x14 C:/Users/Omen/Documents/sloeber-workspace/LoRaWAN_thermometer/Release/arduino.ar(SERCOM.cpp.o)
                0x00005d6e                SERCOM::enableSPI()
 .text._ZN6SERCOM10disableSPIEv
                0x00005d82       0x12 C:/Users/Omen/Documents/sloeber-workspace/LoRaWAN_thermometer/Release/arduino.ar(SERCOM.cpp.o)
                0x00005d82                SERCOM::disableSPI()
 .text._ZN6SERCOM15transferDataSPIEh
                0x00005d94       0x1a C:/Users/Omen/Documents/sloeber-workspace/LoRaWAN_thermometer/Release/arduino.ar(SERCOM.cpp.o)
                0x00005d94                SERCOM::transferDataSPI(unsigned char)
 .text._ZN6SERCOM9resetWIREEv
                0x00005dae       0x1a C:/Users/Omen/Documents/sloeber-workspace/LoRaWAN_thermometer/Release/arduino.ar(SERCOM.cpp.o)
                0x00005dae                SERCOM::resetWIRE()
 .text._ZN6SERCOM10enableWIREEv
                0x00005dc8       0x2a C:/Users/Omen/Documents/sloeber-workspace/LoRaWAN_thermometer/Release/arduino.ar(SERCOM.cpp.o)
                0x00005dc8                SERCOM::enableWIRE()
 .text._ZN6SERCOM18prepareNackBitWIREEv
                0x00005df2       0x10 C:/Users/Omen/Documents/sloeber-workspace/LoRaWAN_thermometer/Release/arduino.ar(SERCOM.cpp.o)
                0x00005df2                SERCOM::prepareNackBitWIRE()
 *fill*         0x00005e02        0x2 
 .text._ZN6SERCOM17prepareAckBitWIREEv
                0x00005e04       0x14 C:/Users/Omen/Documents/sloeber-workspace/LoRaWAN_thermometer/Release/arduino.ar(SERCOM.cpp.o)
                0x00005e04                SERCOM::prepareAckBitWIRE()
 .text._ZN6SERCOM22prepareCommandBitsWireEh
                0x00005e18       0x2c C:/Users/Omen/Documents/sloeber-workspace/LoRaWAN_thermometer/Release/arduino.ar(SERCOM.cpp.o)
                0x00005e18                SERCOM::prepareCommandBitsWire(unsigned char)
 .text._ZN6SERCOM21startTransmissionWIREEh23SercomWireReadWriteFlag
                0x00005e44       0x84 C:/Users/Omen/Documents/sloeber-workspace/LoRaWAN_thermometer/Release/arduino.ar(SERCOM.cpp.o)
                0x00005e44                SERCOM::startTransmissionWIRE(unsigned char, SercomWireReadWriteFlag)
 .text._ZN6SERCOM18sendDataMasterWIREEh
                0x00005ec8       0x24 C:/Users/Omen/Documents/sloeber-workspace/LoRaWAN_thermometer/Release/arduino.ar(SERCOM.cpp.o)
                0x00005ec8                SERCOM::sendDataMasterWIRE(unsigned char)
 .text._ZN6SERCOM17sendDataSlaveWIREEh
                0x00005eec       0x1c C:/Users/Omen/Documents/sloeber-workspace/LoRaWAN_thermometer/Release/arduino.ar(SERCOM.cpp.o)
                0x00005eec                SERCOM::sendDataSlaveWIRE(unsigned char)
 .text._ZN6SERCOM11isSlaveWIREEv
                0x00005f08       0x12 C:/Users/Omen/Documents/sloeber-workspace/LoRaWAN_thermometer/Release/arduino.ar(SERCOM.cpp.o)
                0x00005f08                SERCOM::isSlaveWIRE()
 .text._ZN6SERCOM14isBusOwnerWIREEv
                0x00005f1a       0x12 C:/Users/Omen/Documents/sloeber-workspace/LoRaWAN_thermometer/Release/arduino.ar(SERCOM.cpp.o)
                0x00005f1a                SERCOM::isBusOwnerWIRE()
 .text._ZN6SERCOM15isDataReadyWIREEv
                0x00005f2c        0xa C:/Users/Omen/Documents/sloeber-workspace/LoRaWAN_thermometer/Release/arduino.ar(SERCOM.cpp.o)
                0x00005f2c                SERCOM::isDataReadyWIRE()
 .text._ZN6SERCOM18isStopDetectedWIREEv
                0x00005f36        0xa C:/Users/Omen/Documents/sloeber-workspace/LoRaWAN_thermometer/Release/arduino.ar(SERCOM.cpp.o)
                0x00005f36                SERCOM::isStopDetectedWIRE()
 .text._ZN6SERCOM21isRestartDetectedWIREEv
                0x00005f40        0xa C:/Users/Omen/Documents/sloeber-workspace/LoRaWAN_thermometer/Release/arduino.ar(SERCOM.cpp.o)
                0x00005f40                SERCOM::isRestartDetectedWIRE()
 .text._ZN6SERCOM14isAddressMatchEv
                0x00005f4a        0xa C:/Users/Omen/Documents/sloeber-workspace/LoRaWAN_thermometer/Release/arduino.ar(SERCOM.cpp.o)
                0x00005f4a                SERCOM::isAddressMatch()
 .text._ZN6SERCOM25isMasterReadOperationWIREEv
                0x00005f54        0xa C:/Users/Omen/Documents/sloeber-workspace/LoRaWAN_thermometer/Release/arduino.ar(SERCOM.cpp.o)
                0x00005f54                SERCOM::isMasterReadOperationWIRE()
 .text._ZN6SERCOM12readDataWIREEv
                0x00005f5e       0x20 C:/Users/Omen/Documents/sloeber-workspace/LoRaWAN_thermometer/Release/arduino.ar(SERCOM.cpp.o)
                0x00005f5e                SERCOM::readDataWIRE()
 *fill*         0x00005f7e        0x2 
 .text._ZN6SERCOM13initClockNVICEv
                0x00005f80       0xa8 C:/Users/Omen/Documents/sloeber-workspace/LoRaWAN_thermometer/Release/arduino.ar(SERCOM.cpp.o)
                0x00005f80                SERCOM::initClockNVIC()
 .text._ZN6SERCOM8initUARTE14SercomUartMode20SercomUartSampleRatem
                0x00006028       0x6c C:/Users/Omen/Documents/sloeber-workspace/LoRaWAN_thermometer/Release/arduino.ar(SERCOM.cpp.o)
                0x00006028                SERCOM::initUART(SercomUartMode, SercomUartSampleRate, unsigned long)
 .text._ZN6SERCOM7initSPIE14SercomSpiTXPad11SercomRXPad17SercomSpiCharSize15SercomDataOrder
                0x00006094       0x4a C:/Users/Omen/Documents/sloeber-workspace/LoRaWAN_thermometer/Release/arduino.ar(SERCOM.cpp.o)
                0x00006094                SERCOM::initSPI(SercomSpiTXPad, SercomRXPad, SercomSpiCharSize, SercomDataOrder)
 *fill*         0x000060de        0x2 
 .text._ZN6SERCOM14initMasterWIREEm
                0x000060e0       0x54 C:/Users/Omen/Documents/sloeber-workspace/LoRaWAN_thermometer/Release/arduino.ar(SERCOM.cpp.o)
                0x000060e0                SERCOM::initMasterWIRE(unsigned long)
 .text._ZN6Stream9timedReadEv
                0x00006134       0x2a C:/Users/Omen/Documents/sloeber-workspace/LoRaWAN_thermometer/Release/arduino.ar(Stream.cpp.o)
                0x00006134                Stream::timedRead()
 *fill*         0x0000615e        0x2 
 .text._ZN6Stream15readStringUntilEc
                0x00006160       0x30 C:/Users/Omen/Documents/sloeber-workspace/LoRaWAN_thermometer/Release/arduino.ar(Stream.cpp.o)
                0x00006160                Stream::readStringUntil(char)
 .text._ZN4UartcvbEv
                0x00006190        0x4 C:/Users/Omen/Documents/sloeber-workspace/LoRaWAN_thermometer/Release/arduino.ar(Uart.cpp.o)
                0x00006190                Uart::operator bool()
 .text._ZN4Uart5beginEm
                0x00006194       0x10 C:/Users/Omen/Documents/sloeber-workspace/LoRaWAN_thermometer/Release/arduino.ar(Uart.cpp.o)
                0x00006194                Uart::begin(unsigned long)
 .text._ZN4Uart4peekEv
                0x000061a4       0x1a C:/Users/Omen/Documents/sloeber-workspace/LoRaWAN_thermometer/Release/arduino.ar(Uart.cpp.o)
                0x000061a4                Uart::peek()
 .text._ZN4Uart3endEv
                0x000061be       0x20 C:/Users/Omen/Documents/sloeber-workspace/LoRaWAN_thermometer/Release/arduino.ar(Uart.cpp.o)
                0x000061be                Uart::end()
 .text._ZN4Uart16extractNbStopBitEt
                0x000061de        0xc C:/Users/Omen/Documents/sloeber-workspace/LoRaWAN_thermometer/Release/arduino.ar(Uart.cpp.o)
                0x000061de                Uart::extractNbStopBit(unsigned short)
 .text._ZN4Uart15extractCharSizeEt
                0x000061ea       0x28 C:/Users/Omen/Documents/sloeber-workspace/LoRaWAN_thermometer/Release/arduino.ar(Uart.cpp.o)
                0x000061ea                Uart::extractCharSize(unsigned short)
 .text._ZN4Uart13extractParityEt
                0x00006212       0x14 C:/Users/Omen/Documents/sloeber-workspace/LoRaWAN_thermometer/Release/arduino.ar(Uart.cpp.o)
                0x00006212                Uart::extractParity(unsigned short)
 *fill*         0x00006226        0x2 
 .text._ZN4Uart5beginEmt
                0x00006228       0xf8 C:/Users/Omen/Documents/sloeber-workspace/LoRaWAN_thermometer/Release/arduino.ar(Uart.cpp.o)
                0x00006228                Uart::begin(unsigned long, unsigned short)
 .text._ZN11RingBufferNILi256EEC2Ev
                0x00006320       0x1c C:/Users/Omen/Documents/sloeber-workspace/LoRaWAN_thermometer/Release/arduino.ar(Uart.cpp.o)
                0x00006320                RingBufferN<256>::RingBufferN()
                0x00006320                RingBufferN<256>::RingBufferN()
 .text._ZN4UartC2EP6SERCOMhh11SercomRXPad15SercomUartTXPad
                0x0000633c       0x74 C:/Users/Omen/Documents/sloeber-workspace/LoRaWAN_thermometer/Release/arduino.ar(Uart.cpp.o)
                0x0000633c                Uart::Uart(SERCOM*, unsigned char, unsigned char, SercomRXPad, SercomUartTXPad)
                0x0000633c                Uart::Uart(SERCOM*, unsigned char, unsigned char, SercomRXPad, SercomUartTXPad)
 .text._ZN11RingBufferNILi256EE9availableEv
                0x000063b0       0x12 C:/Users/Omen/Documents/sloeber-workspace/LoRaWAN_thermometer/Release/arduino.ar(Uart.cpp.o)
                0x000063b0                RingBufferN<256>::available()
 .text._ZN4Uart5flushEv
                0x000063c2       0x1a C:/Users/Omen/Documents/sloeber-workspace/LoRaWAN_thermometer/Release/arduino.ar(Uart.cpp.o)
                0x000063c2                Uart::flush()
 .text._ZN4Uart9availableEv
                0x000063dc        0xa C:/Users/Omen/Documents/sloeber-workspace/LoRaWAN_thermometer/Release/arduino.ar(Uart.cpp.o)
                0x000063dc                Uart::available()
 .text._ZN11RingBufferNILi256EE17availableForStoreEv
                0x000063e6       0x20 C:/Users/Omen/Documents/sloeber-workspace/LoRaWAN_thermometer/Release/arduino.ar(Uart.cpp.o)
                0x000063e6                RingBufferN<256>::availableForStore()
 .text._ZN4Uart17availableForWriteEv
                0x00006406        0xc C:/Users/Omen/Documents/sloeber-workspace/LoRaWAN_thermometer/Release/arduino.ar(Uart.cpp.o)
                0x00006406                Uart::availableForWrite()
 .text._ZN4Uart10IrqHandlerEv
                0x00006412       0xcc C:/Users/Omen/Documents/sloeber-workspace/LoRaWAN_thermometer/Release/arduino.ar(Uart.cpp.o)
                0x00006412                Uart::IrqHandler()
 *fill*         0x000064de        0x2 
 .text._ZN4Uart5writeEh
                0x000064e0       0xb4 C:/Users/Omen/Documents/sloeber-workspace/LoRaWAN_thermometer/Release/arduino.ar(Uart.cpp.o)
                0x000064e0                Uart::write(unsigned char)
 .text._ZN4Uart4readEv
                0x00006594       0x4c C:/Users/Omen/Documents/sloeber-workspace/LoRaWAN_thermometer/Release/arduino.ar(Uart.cpp.o)
                0x00006594                Uart::read()
 .text.EIC_Handler
                0x000065e0       0x3c C:/Users/Omen/Documents/sloeber-workspace/LoRaWAN_thermometer/Release/arduino.ar(WInterrupts.c.o)
                0x000065e0                EIC_Handler
 .text._ZN6StringD2Ev
                0x0000661c        0xe C:/Users/Omen/Documents/sloeber-workspace/LoRaWAN_thermometer/Release/arduino.ar(WString.cpp.o)
                0x0000661c                String::~String()
                0x0000661c                String::~String()
 .text._ZN6String10invalidateEv
                0x0000662a       0x18 C:/Users/Omen/Documents/sloeber-workspace/LoRaWAN_thermometer/Release/arduino.ar(WString.cpp.o)
                0x0000662a                String::invalidate()
 .text._ZN6String12changeBufferEj
                0x00006642       0x18 C:/Users/Omen/Documents/sloeber-workspace/LoRaWAN_thermometer/Release/arduino.ar(WString.cpp.o)
                0x00006642                String::changeBuffer(unsigned int)
 .text._ZN6String7reserveEj
                0x0000665a       0x2a C:/Users/Omen/Documents/sloeber-workspace/LoRaWAN_thermometer/Release/arduino.ar(WString.cpp.o)
                0x0000665a                String::reserve(unsigned int)
 .text._ZN6String4copyEPKcj
                0x00006684       0x28 C:/Users/Omen/Documents/sloeber-workspace/LoRaWAN_thermometer/Release/arduino.ar(WString.cpp.o)
                0x00006684                String::copy(char const*, unsigned int)
 .text._ZN6StringC2EPKc
                0x000066ac       0x26 C:/Users/Omen/Documents/sloeber-workspace/LoRaWAN_thermometer/Release/arduino.ar(WString.cpp.o)
                0x000066ac                String::String(char const*)
                0x000066ac                String::String(char const*)
 .text._ZN6StringaSEPKc.part.3
                0x000066d2       0x18 C:/Users/Omen/Documents/sloeber-workspace/LoRaWAN_thermometer/Release/arduino.ar(WString.cpp.o)
 .text._ZN6StringC2Eih
                0x000066ea       0x24 C:/Users/Omen/Documents/sloeber-workspace/LoRaWAN_thermometer/Release/arduino.ar(WString.cpp.o)
                0x000066ea                String::String(int, unsigned char)
                0x000066ea                String::String(int, unsigned char)
 .text._ZN6String4moveERS_
                0x0000670e       0x40 C:/Users/Omen/Documents/sloeber-workspace/LoRaWAN_thermometer/Release/arduino.ar(WString.cpp.o)
                0x0000670e                String::move(String&)
 .text._ZN6StringaSERKS_
                0x0000674e       0x20 C:/Users/Omen/Documents/sloeber-workspace/LoRaWAN_thermometer/Release/arduino.ar(WString.cpp.o)
                0x0000674e                String::operator=(String const&)
 .text._ZN6StringC2ERKS_
                0x0000676e       0x14 C:/Users/Omen/Documents/sloeber-workspace/LoRaWAN_thermometer/Release/arduino.ar(WString.cpp.o)
                0x0000676e                String::String(String const&)
                0x0000676e                String::String(String const&)
 .text._ZN6StringaSEOS_
                0x00006782       0x10 C:/Users/Omen/Documents/sloeber-workspace/LoRaWAN_thermometer/Release/arduino.ar(WString.cpp.o)
                0x00006782                String::operator=(String&&)
 .text._ZN6StringaSEPKc
                0x00006792       0x16 C:/Users/Omen/Documents/sloeber-workspace/LoRaWAN_thermometer/Release/arduino.ar(WString.cpp.o)
                0x00006792                String::operator=(char const*)
 .text._ZN6StringC2Efh
                0x000067a8       0x34 C:/Users/Omen/Documents/sloeber-workspace/LoRaWAN_thermometer/Release/arduino.ar(WString.cpp.o)
                0x000067a8                String::String(float, unsigned char)
                0x000067a8                String::String(float, unsigned char)
 .text._ZN6String6concatEPKcj
                0x000067dc       0x32 C:/Users/Omen/Documents/sloeber-workspace/LoRaWAN_thermometer/Release/arduino.ar(WString.cpp.o)
                0x000067dc                String::concat(char const*, unsigned int)
 .text._ZN6String6concatERKS_
                0x0000680e        0xc C:/Users/Omen/Documents/sloeber-workspace/LoRaWAN_thermometer/Release/arduino.ar(WString.cpp.o)
                0x0000680e                String::concat(String const&)
 .text._ZN6String6concatEc
                0x0000681a       0x14 C:/Users/Omen/Documents/sloeber-workspace/LoRaWAN_thermometer/Release/arduino.ar(WString.cpp.o)
                0x0000681a                String::concat(char)
 .text._ZplRK15StringSumHelperRK6String
                0x0000682e       0x1a C:/Users/Omen/Documents/sloeber-workspace/LoRaWAN_thermometer/Release/arduino.ar(WString.cpp.o)
                0x0000682e                operator+(StringSumHelper const&, String const&)
 .text._ZplRK15StringSumHelperPKc
                0x00006848       0x28 C:/Users/Omen/Documents/sloeber-workspace/LoRaWAN_thermometer/Release/arduino.ar(WString.cpp.o)
                0x00006848                operator+(StringSumHelper const&, char const*)
 .text._ZNK6String8endsWithERKS_
                0x00006870       0x2a C:/Users/Omen/Documents/sloeber-workspace/LoRaWAN_thermometer/Release/arduino.ar(WString.cpp.o)
                0x00006870                String::endsWith(String const&) const
 *fill*         0x0000689a        0x2 
 .text._ZN6StringixEj
                0x0000689c       0x1c C:/Users/Omen/Documents/sloeber-workspace/LoRaWAN_thermometer/Release/arduino.ar(WString.cpp.o)
                0x0000689c                String::operator[](unsigned int)
 .text._ZNK6String7indexOfERKS_j
                0x000068b8       0x20 C:/Users/Omen/Documents/sloeber-workspace/LoRaWAN_thermometer/Release/arduino.ar(WString.cpp.o)
                0x000068b8                String::indexOf(String const&, unsigned int) const
 .text._ZNK6String7indexOfERKS_
                0x000068d8        0xa C:/Users/Omen/Documents/sloeber-workspace/LoRaWAN_thermometer/Release/arduino.ar(WString.cpp.o)
                0x000068d8                String::indexOf(String const&) const
 .text._ZNK6String5toIntEv
                0x000068e2       0x12 C:/Users/Omen/Documents/sloeber-workspace/LoRaWAN_thermometer/Release/arduino.ar(WString.cpp.o)
                0x000068e2                String::toInt() const
 .text.Dummy_Handler
                0x000068f4        0x2 C:/Users/Omen/Documents/sloeber-workspace/LoRaWAN_thermometer/Release/arduino.ar(cortex_handlers.c.o)
                0x000068f4                DMAC_Handler
                0x000068f4                HardFault_Handler
                0x000068f4                AC_Handler
                0x000068f4                PendSV_Handler
                0x000068f4                NMI_Handler
                0x000068f4                TC7_Handler
                0x000068f4                SERCOM1_Handler
                0x000068f4                ADC_Handler
                0x000068f4                TCC1_Handler
                0x000068f4                TCC0_Handler
                0x000068f4                TC6_Handler
                0x000068f4                WDT_Handler
                0x000068f4                TC4_Handler
                0x000068f4                TC3_Handler
                0x000068f4                Dummy_Handler
                0x000068f4                PM_Handler
                0x000068f4                SVC_Handler
                0x000068f4                TCC2_Handler
                0x000068f4                EVSYS_Handler
                0x000068f4                SERCOM3_Handler
                0x000068f4                I2S_Handler
                0x000068f4                NVMCTRL_Handler
                0x000068f4                SERCOM0_Handler
                0x000068f4                DAC_Handler
                0x000068f4                PTC_Handler
                0x000068f4                SYSCTRL_Handler
 *fill*         0x000068f6        0x2 
 .text.USB_Handler
                0x000068f8       0x14 C:/Users/Omen/Documents/sloeber-workspace/LoRaWAN_thermometer/Release/arduino.ar(cortex_handlers.c.o)
                0x000068f8                USB_Handler
 .text.Reset_Handler
                0x0000690c       0x54 C:/Users/Omen/Documents/sloeber-workspace/LoRaWAN_thermometer/Release/arduino.ar(cortex_handlers.c.o)
                0x0000690c                Reset_Handler
 .text.SysTick_Handler
                0x00006960       0x10 C:/Users/Omen/Documents/sloeber-workspace/LoRaWAN_thermometer/Release/arduino.ar(cortex_handlers.c.o)
                0x00006960                SysTick_Handler
 .text.USB_SetHandler
                0x00006970        0xc C:/Users/Omen/Documents/sloeber-workspace/LoRaWAN_thermometer/Release/arduino.ar(cortex_handlers.c.o)
                0x00006970                USB_SetHandler
 .text.millis   0x0000697c        0xc C:/Users/Omen/Documents/sloeber-workspace/LoRaWAN_thermometer/Release/arduino.ar(delay.c.o)
                0x0000697c                millis
 .text.micros   0x00006988       0x60 C:/Users/Omen/Documents/sloeber-workspace/LoRaWAN_thermometer/Release/arduino.ar(delay.c.o)
                0x00006988                micros
 .text.delay    0x000069e8       0x30 C:/Users/Omen/Documents/sloeber-workspace/LoRaWAN_thermometer/Release/arduino.ar(delay.c.o)
                0x000069e8                delay
 .text.SysTick_DefaultHandler
                0x00006a18       0x14 C:/Users/Omen/Documents/sloeber-workspace/LoRaWAN_thermometer/Release/arduino.ar(delay.c.o)
                0x00006a18                SysTick_DefaultHandler
 .text.__empty  0x00006a2c        0x2 C:/Users/Omen/Documents/sloeber-workspace/LoRaWAN_thermometer/Release/arduino.ar(hooks.c.o)
                0x00006a2c                yield
 .text.__false  0x00006a2e        0x4 C:/Users/Omen/Documents/sloeber-workspace/LoRaWAN_thermometer/Release/arduino.ar(hooks.c.o)
                0x00006a2e                sysTickHook
 .text.ltoa     0x00006a32       0x72 C:/Users/Omen/Documents/sloeber-workspace/LoRaWAN_thermometer/Release/arduino.ar(itoa.c.o)
                0x00006a32                ltoa
 .text.itoa     0x00006aa4        0x8 C:/Users/Omen/Documents/sloeber-workspace/LoRaWAN_thermometer/Release/arduino.ar(itoa.c.o)
                0x00006aa4                itoa
 .text._Z11initVariantv
                0x00006aac        0x2 C:/Users/Omen/Documents/sloeber-workspace/LoRaWAN_thermometer/Release/arduino.ar(main.cpp.o)
                0x00006aac                initVariant()
 *fill*         0x00006aae        0x2 
 .text.startup.main
                0x00006ab0       0x40 C:/Users/Omen/Documents/sloeber-workspace/LoRaWAN_thermometer/Release/arduino.ar(main.cpp.o)
                0x00006ab0                main
 .text._Znwj    0x00006af0        0x8 C:/Users/Omen/Documents/sloeber-workspace/LoRaWAN_thermometer/Release/arduino.ar(new.cpp.o)
                0x00006af0                operator new(unsigned int)
 .text._ZdlPv   0x00006af8        0x8 C:/Users/Omen/Documents/sloeber-workspace/LoRaWAN_thermometer/Release/arduino.ar(new.cpp.o)
                0x00006af8                operator delete(void*)
 .text.SystemInit
                0x00006b00      0x160 C:/Users/Omen/Documents/sloeber-workspace/LoRaWAN_thermometer/Release/arduino.ar(startup.c.o)
                0x00006b00                SystemInit
 .text.init     0x00006c60       0xf0 C:/Users/Omen/Documents/sloeber-workspace/LoRaWAN_thermometer/Release/arduino.ar(wiring.c.o)
                0x00006c60                init
 .text.mapResolution
                0x00006d50       0x12 C:/Users/Omen/Documents/sloeber-workspace/LoRaWAN_thermometer/Release/arduino.ar(wiring_analog.c.o)
 *fill*         0x00006d62        0x2 
 .text.analogReference
                0x00006d64       0x64 C:/Users/Omen/Documents/sloeber-workspace/LoRaWAN_thermometer/Release/arduino.ar(wiring_analog.c.o)
                0x00006d64                analogReference
 .text.analogRead
                0x00006dc8       0xd4 C:/Users/Omen/Documents/sloeber-workspace/LoRaWAN_thermometer/Release/arduino.ar(wiring_analog.c.o)
                0x00006dc8                analogRead
 .text.pinMode  0x00006e9c       0x98 C:/Users/Omen/Documents/sloeber-workspace/LoRaWAN_thermometer/Release/arduino.ar(wiring_digital.c.o)
                0x00006e9c                pinMode
 .text.digitalWrite
                0x00006f34       0x58 C:/Users/Omen/Documents/sloeber-workspace/LoRaWAN_thermometer/Release/arduino.ar(wiring_digital.c.o)
                0x00006f34                digitalWrite
 .text.digitalRead
                0x00006f8c       0x30 C:/Users/Omen/Documents/sloeber-workspace/LoRaWAN_thermometer/Release/arduino.ar(wiring_digital.c.o)
                0x00006f8c                digitalRead
 .text.pinPeripheral
                0x00006fbc       0xc0 C:/Users/Omen/Documents/sloeber-workspace/LoRaWAN_thermometer/Release/arduino.ar(wiring_private.c.o)
                0x00006fbc                pinPeripheral
 .text.dtostrf  0x0000707c       0x28 C:/Users/Omen/Documents/sloeber-workspace/LoRaWAN_thermometer/Release/arduino.ar(dtostrf.c.o)
                0x0000707c                dtostrf
 .text.__aeabi_atexit
                0x000070a4        0xe f:/sloeber/arduinoplugin/packages/arduino/tools/arm-none-eabi-gcc/7-2017q4/bin/../lib/gcc/arm-none-eabi/7.2.1/../../../../arm-none-eabi/lib/thumb/v6-m\libstdc++_nano.a(atexit_arm.o)
                0x000070a4                __aeabi_atexit
 *fill*         0x000070b2        0x2 
 .text          0x000070b4       0x14 f:/sloeber/arduinoplugin/packages/arduino/tools/arm-none-eabi-gcc/7-2017q4/bin/../lib/gcc/arm-none-eabi/7.2.1/thumb/v6-m\libgcc.a(_thumb1_case_uqi.o)
                0x000070b4                __gnu_thumb1_case_uqi
 .text          0x000070c8      0x114 f:/sloeber/arduinoplugin/packages/arduino/tools/arm-none-eabi-gcc/7-2017q4/bin/../lib/gcc/arm-none-eabi/7.2.1/thumb/v6-m\libgcc.a(_udivsi3.o)
                0x000070c8                __aeabi_uidiv
                0x000070c8                __udivsi3
                0x000071d4                __aeabi_uidivmod
 .text          0x000071dc      0x1d4 f:/sloeber/arduinoplugin/packages/arduino/tools/arm-none-eabi-gcc/7-2017q4/bin/../lib/gcc/arm-none-eabi/7.2.1/thumb/v6-m\libgcc.a(_divsi3.o)
                0x000071dc                __divsi3
                0x000071dc                __aeabi_idiv
                0x000073a8                __aeabi_idivmod
 .text          0x000073b0        0x4 f:/sloeber/arduinoplugin/packages/arduino/tools/arm-none-eabi-gcc/7-2017q4/bin/../lib/gcc/arm-none-eabi/7.2.1/thumb/v6-m\libgcc.a(_dvmd_tls.o)
                0x000073b0                __aeabi_idiv0
                0x000073b0                __aeabi_ldiv0
 .text          0x000073b4       0x7c f:/sloeber/arduinoplugin/packages/arduino/tools/arm-none-eabi-gcc/7-2017q4/bin/../lib/gcc/arm-none-eabi/7.2.1/thumb/v6-m\libgcc.a(_arm_cmpdf2.o)
                0x000073b4                __aeabi_cdrcmple
                0x000073c4                __aeabi_cdcmple
                0x000073c4                __aeabi_cdcmpeq
                0x000073d4                __aeabi_dcmpeq
                0x000073e0                __aeabi_dcmplt
                0x000073f4                __aeabi_dcmple
                0x00007408                __aeabi_dcmpgt
                0x0000741c                __aeabi_dcmpge
 .text          0x00007430       0x48 f:/sloeber/arduinoplugin/packages/arduino/tools/arm-none-eabi-gcc/7-2017q4/bin/../lib/gcc/arm-none-eabi/7.2.1/thumb/v6-m\libgcc.a(_aeabi_ldivmod.o)
                0x00007430                __aeabi_ldivmod
 .text          0x00007478       0x54 f:/sloeber/arduinoplugin/packages/arduino/tools/arm-none-eabi-gcc/7-2017q4/bin/../lib/gcc/arm-none-eabi/7.2.1/thumb/v6-m\libgcc.a(_muldi3.o)
                0x00007478                __muldi3
                0x00007478                __aeabi_lmul
 .text          0x000074cc       0x64 f:/sloeber/arduinoplugin/packages/arduino/tools/arm-none-eabi-gcc/7-2017q4/bin/../lib/gcc/arm-none-eabi/7.2.1/thumb/v6-m\libgcc.a(_floatdisf.o)
                0x000074cc                __aeabi_l2f
                0x000074cc                __floatdisf
 .text          0x00007530       0x38 f:/sloeber/arduinoplugin/packages/arduino/tools/arm-none-eabi-gcc/7-2017q4/bin/../lib/gcc/arm-none-eabi/7.2.1/thumb/v6-m\libgcc.a(bpabi.o)
                0x00007530                __gnu_ldivmod_helper
 .text          0x00007568      0x224 f:/sloeber/arduinoplugin/packages/arduino/tools/arm-none-eabi-gcc/7-2017q4/bin/../lib/gcc/arm-none-eabi/7.2.1/thumb/v6-m\libgcc.a(divsf3.o)
                0x00007568                __aeabi_fdiv
 .text          0x0000778c      0x264 f:/sloeber/arduinoplugin/packages/arduino/tools/arm-none-eabi-gcc/7-2017q4/bin/../lib/gcc/arm-none-eabi/7.2.1/thumb/v6-m\libgcc.a(mulsf3.o)
                0x0000778c                __aeabi_fmul
 .text          0x000079f0       0x94 f:/sloeber/arduinoplugin/packages/arduino/tools/arm-none-eabi-gcc/7-2017q4/bin/../lib/gcc/arm-none-eabi/7.2.1/thumb/v6-m\libgcc.a(floatsisf.o)
                0x000079f0                __aeabi_i2f
 .text          0x00007a84      0x638 f:/sloeber/arduinoplugin/packages/arduino/tools/arm-none-eabi-gcc/7-2017q4/bin/../lib/gcc/arm-none-eabi/7.2.1/thumb/v6-m\libgcc.a(adddf3.o)
                0x00007a84                __aeabi_dadd
 .text          0x000080bc      0x604 f:/sloeber/arduinoplugin/packages/arduino/tools/arm-none-eabi-gcc/7-2017q4/bin/../lib/gcc/arm-none-eabi/7.2.1/thumb/v6-m\libgcc.a(divdf3.o)
                0x000080bc                __aeabi_ddiv
 .text          0x000086c0       0x78 f:/sloeber/arduinoplugin/packages/arduino/tools/arm-none-eabi-gcc/7-2017q4/bin/../lib/gcc/arm-none-eabi/7.2.1/thumb/v6-m\libgcc.a(eqdf2.o)
                0x000086c0                __nedf2
                0x000086c0                __eqdf2
 .text          0x00008738       0xc8 f:/sloeber/arduinoplugin/packages/arduino/tools/arm-none-eabi-gcc/7-2017q4/bin/../lib/gcc/arm-none-eabi/7.2.1/thumb/v6-m\libgcc.a(gedf2.o)
                0x00008738                __gedf2
                0x00008738                __gtdf2
 .text          0x00008800       0xd0 f:/sloeber/arduinoplugin/packages/arduino/tools/arm-none-eabi-gcc/7-2017q4/bin/../lib/gcc/arm-none-eabi/7.2.1/thumb/v6-m\libgcc.a(ledf2.o)
                0x00008800                __ledf2
                0x00008800                __ltdf2
 .text          0x000088d0      0x4e4 f:/sloeber/arduinoplugin/packages/arduino/tools/arm-none-eabi-gcc/7-2017q4/bin/../lib/gcc/arm-none-eabi/7.2.1/thumb/v6-m\libgcc.a(muldf3.o)
                0x000088d0                __aeabi_dmul
 .text          0x00008db4      0x690 f:/sloeber/arduinoplugin/packages/arduino/tools/arm-none-eabi-gcc/7-2017q4/bin/../lib/gcc/arm-none-eabi/7.2.1/thumb/v6-m\libgcc.a(subdf3.o)
                0x00008db4                __aeabi_dsub
 .text          0x00009444       0x38 f:/sloeber/arduinoplugin/packages/arduino/tools/arm-none-eabi-gcc/7-2017q4/bin/../lib/gcc/arm-none-eabi/7.2.1/thumb/v6-m\libgcc.a(unorddf2.o)
                0x00009444                __aeabi_dcmpun
 .text          0x0000947c       0x6c f:/sloeber/arduinoplugin/packages/arduino/tools/arm-none-eabi-gcc/7-2017q4/bin/../lib/gcc/arm-none-eabi/7.2.1/thumb/v6-m\libgcc.a(fixdfsi.o)
                0x0000947c                __aeabi_d2iz
 .text          0x000094e8       0x74 f:/sloeber/arduinoplugin/packages/arduino/tools/arm-none-eabi-gcc/7-2017q4/bin/../lib/gcc/arm-none-eabi/7.2.1/thumb/v6-m\libgcc.a(floatsidf.o)
                0x000094e8                __aeabi_i2d
 .text          0x0000955c       0x64 f:/sloeber/arduinoplugin/packages/arduino/tools/arm-none-eabi-gcc/7-2017q4/bin/../lib/gcc/arm-none-eabi/7.2.1/thumb/v6-m\libgcc.a(floatunsidf.o)
                0x0000955c                __aeabi_ui2d
 .text          0x000095c0       0xa4 f:/sloeber/arduinoplugin/packages/arduino/tools/arm-none-eabi-gcc/7-2017q4/bin/../lib/gcc/arm-none-eabi/7.2.1/thumb/v6-m\libgcc.a(extendsfdf2.o)
                0x000095c0                __aeabi_f2d
 .text          0x00009664      0x108 f:/sloeber/arduinoplugin/packages/arduino/tools/arm-none-eabi-gcc/7-2017q4/bin/../lib/gcc/arm-none-eabi/7.2.1/thumb/v6-m\libgcc.a(truncdfsf2.o)
                0x00009664                __aeabi_d2f
 .text          0x0000976c       0x3c f:/sloeber/arduinoplugin/packages/arduino/tools/arm-none-eabi-gcc/7-2017q4/bin/../lib/gcc/arm-none-eabi/7.2.1/thumb/v6-m\libgcc.a(_clzsi2.o)
                0x0000976c                __clzsi2
 .text          0x000097a8      0x1b0 f:/sloeber/arduinoplugin/packages/arduino/tools/arm-none-eabi-gcc/7-2017q4/bin/../lib/gcc/arm-none-eabi/7.2.1/thumb/v6-m\libgcc.a(_divdi3.o)
                0x000097a8                __divdi3
 .text          0x00009958       0x18 f:/sloeber/arduinoplugin/packages/arduino/tools/arm-none-eabi-gcc/7-2017q4/bin/../lib/gcc/arm-none-eabi/7.2.1/thumb/v6-m\libgcc.a(_clzdi2.o)
                0x00009958                __clzdi2
 .text.atol     0x00009970        0xc f:/sloeber/arduinoplugin/packages/arduino/tools/arm-none-eabi-gcc/7-2017q4/bin/../lib/gcc/arm-none-eabi/7.2.1/../../../../arm-none-eabi/lib/thumb/v6-m\libc_nano.a(lib_a-atol.o)
                0x00009970                atol
 .text.__cxa_atexit
                0x0000997c       0x1c f:/sloeber/arduinoplugin/packages/arduino/tools/arm-none-eabi-gcc/7-2017q4/bin/../lib/gcc/arm-none-eabi/7.2.1/../../../../arm-none-eabi/lib/thumb/v6-m\libc_nano.a(lib_a-cxa_atexit.o)
                0x0000997c                __cxa_atexit
 .text.__libc_init_array
                0x00009998       0x48 f:/sloeber/arduinoplugin/packages/arduino/tools/arm-none-eabi-gcc/7-2017q4/bin/../lib/gcc/arm-none-eabi/7.2.1/../../../../arm-none-eabi/lib/thumb/v6-m\libc_nano.a(lib_a-init.o)
                0x00009998                __libc_init_array
 .text.__locale_ctype_ptr_l
                0x000099e0        0x6 f:/sloeber/arduinoplugin/packages/arduino/tools/arm-none-eabi-gcc/7-2017q4/bin/../lib/gcc/arm-none-eabi/7.2.1/../../../../arm-none-eabi/lib/thumb/v6-m\libc_nano.a(lib_a-locale.o)
                0x000099e0                __locale_ctype_ptr_l
 *fill*         0x000099e6        0x2 
 .text.malloc   0x000099e8       0x14 f:/sloeber/arduinoplugin/packages/arduino/tools/arm-none-eabi-gcc/7-2017q4/bin/../lib/gcc/arm-none-eabi/7.2.1/../../../../arm-none-eabi/lib/thumb/v6-m\libc_nano.a(lib_a-malloc.o)
                0x000099e8                malloc
 .text.free     0x000099fc       0x14 f:/sloeber/arduinoplugin/packages/arduino/tools/arm-none-eabi-gcc/7-2017q4/bin/../lib/gcc/arm-none-eabi/7.2.1/../../../../arm-none-eabi/lib/thumb/v6-m\libc_nano.a(lib_a-malloc.o)
                0x000099fc                free
 .text.__ascii_mbtowc
                0x00009a10       0x24 f:/sloeber/arduinoplugin/packages/arduino/tools/arm-none-eabi-gcc/7-2017q4/bin/../lib/gcc/arm-none-eabi/7.2.1/../../../../arm-none-eabi/lib/thumb/v6-m\libc_nano.a(lib_a-mbtowc_r.o)
                0x00009a10                __ascii_mbtowc
 .text.memcpy   0x00009a34       0x12 f:/sloeber/arduinoplugin/packages/arduino/tools/arm-none-eabi-gcc/7-2017q4/bin/../lib/gcc/arm-none-eabi/7.2.1/../../../../arm-none-eabi/lib/thumb/v6-m\libc_nano.a(lib_a-memcpy-stub.o)
                0x00009a34                memcpy
 .text.memmove  0x00009a46       0x26 f:/sloeber/arduinoplugin/packages/arduino/tools/arm-none-eabi-gcc/7-2017q4/bin/../lib/gcc/arm-none-eabi/7.2.1/../../../../arm-none-eabi/lib/thumb/v6-m\libc_nano.a(lib_a-memmove.o)
                0x00009a46                memmove
 .text.memset   0x00009a6c       0x10 f:/sloeber/arduinoplugin/packages/arduino/tools/arm-none-eabi-gcc/7-2017q4/bin/../lib/gcc/arm-none-eabi/7.2.1/../../../../arm-none-eabi/lib/thumb/v6-m\libc_nano.a(lib_a-memset.o)
                0x00009a6c                memset
 .text._free_r  0x00009a7c       0x94 f:/sloeber/arduinoplugin/packages/arduino/tools/arm-none-eabi-gcc/7-2017q4/bin/../lib/gcc/arm-none-eabi/7.2.1/../../../../arm-none-eabi/lib/thumb/v6-m\libc_nano.a(lib_a-nano-freer.o)
                0x00009a7c                _free_r
 .text._malloc_r
                0x00009b10       0xbc f:/sloeber/arduinoplugin/packages/arduino/tools/arm-none-eabi-gcc/7-2017q4/bin/../lib/gcc/arm-none-eabi/7.2.1/../../../../arm-none-eabi/lib/thumb/v6-m\libc_nano.a(lib_a-nano-mallocr.o)
                0x00009b10                _malloc_r
 .text.__cvt    0x00009bcc       0xc8 f:/sloeber/arduinoplugin/packages/arduino/tools/arm-none-eabi-gcc/7-2017q4/bin/../lib/gcc/arm-none-eabi/7.2.1/../../../../arm-none-eabi/lib/thumb/v6-m\libc_nano.a(lib_a-nano-vfprintf_float.o)
                0x00009bcc                __cvt
 .text.__exponent
                0x00009c94       0x70 f:/sloeber/arduinoplugin/packages/arduino/tools/arm-none-eabi-gcc/7-2017q4/bin/../lib/gcc/arm-none-eabi/7.2.1/../../../../arm-none-eabi/lib/thumb/v6-m\libc_nano.a(lib_a-nano-vfprintf_float.o)
                0x00009c94                __exponent
 .text._printf_float
                0x00009d04      0x498 f:/sloeber/arduinoplugin/packages/arduino/tools/arm-none-eabi-gcc/7-2017q4/bin/../lib/gcc/arm-none-eabi/7.2.1/../../../../arm-none-eabi/lib/thumb/v6-m\libc_nano.a(lib_a-nano-vfprintf_float.o)
                0x00009d04                _printf_float
 .text._printf_common
                0x0000a19c       0xda f:/sloeber/arduinoplugin/packages/arduino/tools/arm-none-eabi-gcc/7-2017q4/bin/../lib/gcc/arm-none-eabi/7.2.1/../../../../arm-none-eabi/lib/thumb/v6-m\libc_nano.a(lib_a-nano-vfprintf_i.o)
                0x0000a19c                _printf_common
 *fill*         0x0000a276        0x2 
 .text._printf_i
                0x0000a278      0x210 f:/sloeber/arduinoplugin/packages/arduino/tools/arm-none-eabi-gcc/7-2017q4/bin/../lib/gcc/arm-none-eabi/7.2.1/../../../../arm-none-eabi/lib/thumb/v6-m\libc_nano.a(lib_a-nano-vfprintf_i.o)
                0x0000a278                _printf_i
 .text.realloc  0x0000a488       0x14 f:/sloeber/arduinoplugin/packages/arduino/tools/arm-none-eabi-gcc/7-2017q4/bin/../lib/gcc/arm-none-eabi/7.2.1/../../../../arm-none-eabi/lib/thumb/v6-m\libc_nano.a(lib_a-realloc.o)
                0x0000a488                realloc
 .text._sbrk_r  0x0000a49c       0x24 f:/sloeber/arduinoplugin/packages/arduino/tools/arm-none-eabi-gcc/7-2017q4/bin/../lib/gcc/arm-none-eabi/7.2.1/../../../../arm-none-eabi/lib/thumb/v6-m\libc_nano.a(lib_a-sbrkr.o)
                0x0000a49c                _sbrk_r
 .text.sprintf  0x0000a4c0       0x40 f:/sloeber/arduinoplugin/packages/arduino/tools/arm-none-eabi-gcc/7-2017q4/bin/../lib/gcc/arm-none-eabi/7.2.1/../../../../arm-none-eabi/lib/thumb/v6-m\libc_nano.a(lib_a-sprintf.o)
                0x0000a4c0                siprintf
                0x0000a4c0                sprintf
 .text          0x0000a500       0x14 f:/sloeber/arduinoplugin/packages/arduino/tools/arm-none-eabi-gcc/7-2017q4/bin/../lib/gcc/arm-none-eabi/7.2.1/../../../../arm-none-eabi/lib/thumb/v6-m\libc_nano.a(lib_a-strcmp.o)
                0x0000a500                strcmp
 .text.strcpy   0x0000a514       0x10 f:/sloeber/arduinoplugin/packages/arduino/tools/arm-none-eabi-gcc/7-2017q4/bin/../lib/gcc/arm-none-eabi/7.2.1/../../../../arm-none-eabi/lib/thumb/v6-m\libc_nano.a(lib_a-strcpy.o)
                0x0000a514                strcpy
 .text          0x0000a524        0xe f:/sloeber/arduinoplugin/packages/arduino/tools/arm-none-eabi-gcc/7-2017q4/bin/../lib/gcc/arm-none-eabi/7.2.1/../../../../arm-none-eabi/lib/thumb/v6-m\libc_nano.a(lib_a-strlen.o)
                0x0000a524                strlen
 .text.strstr   0x0000a532       0x32 f:/sloeber/arduinoplugin/packages/arduino/tools/arm-none-eabi-gcc/7-2017q4/bin/../lib/gcc/arm-none-eabi/7.2.1/../../../../arm-none-eabi/lib/thumb/v6-m\libc_nano.a(lib_a-strstr.o)
                0x0000a532                strstr
 .text._strtol_l.isra.0
                0x0000a564      0x104 f:/sloeber/arduinoplugin/packages/arduino/tools/arm-none-eabi-gcc/7-2017q4/bin/../lib/gcc/arm-none-eabi/7.2.1/../../../../arm-none-eabi/lib/thumb/v6-m\libc_nano.a(lib_a-strtol.o)
 .text.strtol   0x0000a668       0x28 f:/sloeber/arduinoplugin/packages/arduino/tools/arm-none-eabi-gcc/7-2017q4/bin/../lib/gcc/arm-none-eabi/7.2.1/../../../../arm-none-eabi/lib/thumb/v6-m\libc_nano.a(lib_a-strtol.o)
                0x0000a668                strtol
 .text.__ascii_wctomb
                0x0000a690       0x18 f:/sloeber/arduinoplugin/packages/arduino/tools/arm-none-eabi-gcc/7-2017q4/bin/../lib/gcc/arm-none-eabi/7.2.1/../../../../arm-none-eabi/lib/thumb/v6-m\libc_nano.a(lib_a-wctomb_r.o)
                0x0000a690                __ascii_wctomb
 .text.quorem   0x0000a6a8      0x10c f:/sloeber/arduinoplugin/packages/arduino/tools/arm-none-eabi-gcc/7-2017q4/bin/../lib/gcc/arm-none-eabi/7.2.1/../../../../arm-none-eabi/lib/thumb/v6-m\libc_nano.a(lib_a-dtoa.o)
 .text._dtoa_r  0x0000a7b4      0xbc0 f:/sloeber/arduinoplugin/packages/arduino/tools/arm-none-eabi-gcc/7-2017q4/bin/../lib/gcc/arm-none-eabi/7.2.1/../../../../arm-none-eabi/lib/thumb/v6-m\libc_nano.a(lib_a-dtoa.o)
                0x0000a7b4                _dtoa_r
 .text._localeconv_r
                0x0000b374       0x18 f:/sloeber/arduinoplugin/packages/arduino/tools/arm-none-eabi-gcc/7-2017q4/bin/../lib/gcc/arm-none-eabi/7.2.1/../../../../arm-none-eabi/lib/thumb/v6-m\libc_nano.a(lib_a-localeconv.o)
                0x0000b374                _localeconv_r
 .text.memchr   0x0000b38c       0x16 f:/sloeber/arduinoplugin/packages/arduino/tools/arm-none-eabi-gcc/7-2017q4/bin/../lib/gcc/arm-none-eabi/7.2.1/../../../../arm-none-eabi/lib/thumb/v6-m\libc_nano.a(lib_a-memchr-stub.o)
                0x0000b38c                memchr
 .text.__malloc_lock
                0x0000b3a2        0x2 f:/sloeber/arduinoplugin/packages/arduino/tools/arm-none-eabi-gcc/7-2017q4/bin/../lib/gcc/arm-none-eabi/7.2.1/../../../../arm-none-eabi/lib/thumb/v6-m\libc_nano.a(lib_a-mlock.o)
                0x0000b3a2                __malloc_lock
 .text.__malloc_unlock
                0x0000b3a4        0x2 f:/sloeber/arduinoplugin/packages/arduino/tools/arm-none-eabi-gcc/7-2017q4/bin/../lib/gcc/arm-none-eabi/7.2.1/../../../../arm-none-eabi/lib/thumb/v6-m\libc_nano.a(lib_a-mlock.o)
                0x0000b3a4                __malloc_unlock
 .text._Balloc  0x0000b3a6       0x70 f:/sloeber/arduinoplugin/packages/arduino/tools/arm-none-eabi-gcc/7-2017q4/bin/../lib/gcc/arm-none-eabi/7.2.1/../../../../arm-none-eabi/lib/thumb/v6-m\libc_nano.a(lib_a-mprec.o)
                0x0000b3a6                _Balloc
 .text._Bfree   0x0000b416       0x32 f:/sloeber/arduinoplugin/packages/arduino/tools/arm-none-eabi-gcc/7-2017q4/bin/../lib/gcc/arm-none-eabi/7.2.1/../../../../arm-none-eabi/lib/thumb/v6-m\libc_nano.a(lib_a-mprec.o)
                0x0000b416                _Bfree
 .text.__multadd
                0x0000b448       0x7c f:/sloeber/arduinoplugin/packages/arduino/tools/arm-none-eabi-gcc/7-2017q4/bin/../lib/gcc/arm-none-eabi/7.2.1/../../../../arm-none-eabi/lib/thumb/v6-m\libc_nano.a(lib_a-mprec.o)
                0x0000b448                __multadd
 .text.__hi0bits
                0x0000b4c4       0x34 f:/sloeber/arduinoplugin/packages/arduino/tools/arm-none-eabi-gcc/7-2017q4/bin/../lib/gcc/arm-none-eabi/7.2.1/../../../../arm-none-eabi/lib/thumb/v6-m\libc_nano.a(lib_a-mprec.o)
                0x0000b4c4                __hi0bits
 .text.__lo0bits
                0x0000b4f8       0x5e f:/sloeber/arduinoplugin/packages/arduino/tools/arm-none-eabi-gcc/7-2017q4/bin/../lib/gcc/arm-none-eabi/7.2.1/../../../../arm-none-eabi/lib/thumb/v6-m\libc_nano.a(lib_a-mprec.o)
                0x0000b4f8                __lo0bits
 .text.__i2b    0x0000b556       0x12 f:/sloeber/arduinoplugin/packages/arduino/tools/arm-none-eabi-gcc/7-2017q4/bin/../lib/gcc/arm-none-eabi/7.2.1/../../../../arm-none-eabi/lib/thumb/v6-m\libc_nano.a(lib_a-mprec.o)
                0x0000b556                __i2b
 .text.__multiply